Archive member included to satisfy reference by file (symbol)

C:/ST/STM32CubeIDE_1.13.2/STM32CubeIDE/plugins/com.st.stm32cube.ide.mcu.externaltools.gnu-tools-for-stm32.11.3.rel1.win32_1.1.1.202309131626/tools/bin/../lib/gcc/arm-none-eabi/11.3.1/../../../../arm-none-eabi/lib/thumb/v7e-m+dp/hard\libc_nano.a(libc_a-exit.o)
                              C:/ST/STM32CubeIDE_1.13.2/STM32CubeIDE/plugins/com.st.stm32cube.ide.mcu.externaltools.gnu-tools-for-stm32.11.3.rel1.win32_1.1.1.202309131626/tools/bin/../lib/gcc/arm-none-eabi/11.3.1/../../../../arm-none-eabi/lib/thumb/v7e-m+dp/hard/crt0.o (exit)
C:/ST/STM32CubeIDE_1.13.2/STM32CubeIDE/plugins/com.st.stm32cube.ide.mcu.externaltools.gnu-tools-for-stm32.11.3.rel1.win32_1.1.1.202309131626/tools/bin/../lib/gcc/arm-none-eabi/11.3.1/../../../../arm-none-eabi/lib/thumb/v7e-m+dp/hard\libc_nano.a(libc_a-findfp.o)
                              C:/ST/STM32CubeIDE_1.13.2/STM32CubeIDE/plugins/com.st.stm32cube.ide.mcu.externaltools.gnu-tools-for-stm32.11.3.rel1.win32_1.1.1.202309131626/tools/bin/../lib/gcc/arm-none-eabi/11.3.1/../../../../arm-none-eabi/lib/thumb/v7e-m+dp/hard\libc_nano.a(libc_a-exit.o) (__stdio_exit_handler)
C:/ST/STM32CubeIDE_1.13.2/STM32CubeIDE/plugins/com.st.stm32cube.ide.mcu.externaltools.gnu-tools-for-stm32.11.3.rel1.win32_1.1.1.202309131626/tools/bin/../lib/gcc/arm-none-eabi/11.3.1/../../../../arm-none-eabi/lib/thumb/v7e-m+dp/hard\libc_nano.a(libc_a-fwalk.o)
                              C:/ST/STM32CubeIDE_1.13.2/STM32CubeIDE/plugins/com.st.stm32cube.ide.mcu.externaltools.gnu-tools-for-stm32.11.3.rel1.win32_1.1.1.202309131626/tools/bin/../lib/gcc/arm-none-eabi/11.3.1/../../../../arm-none-eabi/lib/thumb/v7e-m+dp/hard\libc_nano.a(libc_a-findfp.o) (_fwalk_sglue)
C:/ST/STM32CubeIDE_1.13.2/STM32CubeIDE/plugins/com.st.stm32cube.ide.mcu.externaltools.gnu-tools-for-stm32.11.3.rel1.win32_1.1.1.202309131626/tools/bin/../lib/gcc/arm-none-eabi/11.3.1/../../../../arm-none-eabi/lib/thumb/v7e-m+dp/hard\libc_nano.a(libc_a-stdio.o)
                              C:/ST/STM32CubeIDE_1.13.2/STM32CubeIDE/plugins/com.st.stm32cube.ide.mcu.externaltools.gnu-tools-for-stm32.11.3.rel1.win32_1.1.1.202309131626/tools/bin/../lib/gcc/arm-none-eabi/11.3.1/../../../../arm-none-eabi/lib/thumb/v7e-m+dp/hard\libc_nano.a(libc_a-findfp.o) (__sread)
C:/ST/STM32CubeIDE_1.13.2/STM32CubeIDE/plugins/com.st.stm32cube.ide.mcu.externaltools.gnu-tools-for-stm32.11.3.rel1.win32_1.1.1.202309131626/tools/bin/../lib/gcc/arm-none-eabi/11.3.1/../../../../arm-none-eabi/lib/thumb/v7e-m+dp/hard\libc_nano.a(libc_a-memset.o)
                              C:/ST/STM32CubeIDE_1.13.2/STM32CubeIDE/plugins/com.st.stm32cube.ide.mcu.externaltools.gnu-tools-for-stm32.11.3.rel1.win32_1.1.1.202309131626/tools/bin/../lib/gcc/arm-none-eabi/11.3.1/../../../../arm-none-eabi/lib/thumb/v7e-m+dp/hard/crt0.o (memset)
C:/ST/STM32CubeIDE_1.13.2/STM32CubeIDE/plugins/com.st.stm32cube.ide.mcu.externaltools.gnu-tools-for-stm32.11.3.rel1.win32_1.1.1.202309131626/tools/bin/../lib/gcc/arm-none-eabi/11.3.1/../../../../arm-none-eabi/lib/thumb/v7e-m+dp/hard\libc_nano.a(libc_a-strstr.o)
                              ./Core/Src/main.o (strstr)
C:/ST/STM32CubeIDE_1.13.2/STM32CubeIDE/plugins/com.st.stm32cube.ide.mcu.externaltools.gnu-tools-for-stm32.11.3.rel1.win32_1.1.1.202309131626/tools/bin/../lib/gcc/arm-none-eabi/11.3.1/../../../../arm-none-eabi/lib/thumb/v7e-m+dp/hard\libc_nano.a(libc_a-closer.o)
                              C:/ST/STM32CubeIDE_1.13.2/STM32CubeIDE/plugins/com.st.stm32cube.ide.mcu.externaltools.gnu-tools-for-stm32.11.3.rel1.win32_1.1.1.202309131626/tools/bin/../lib/gcc/arm-none-eabi/11.3.1/../../../../arm-none-eabi/lib/thumb/v7e-m+dp/hard\libc_nano.a(libc_a-stdio.o) (_close_r)
C:/ST/STM32CubeIDE_1.13.2/STM32CubeIDE/plugins/com.st.stm32cube.ide.mcu.externaltools.gnu-tools-for-stm32.11.3.rel1.win32_1.1.1.202309131626/tools/bin/../lib/gcc/arm-none-eabi/11.3.1/../../../../arm-none-eabi/lib/thumb/v7e-m+dp/hard\libc_nano.a(libc_a-reent.o)
                              C:/ST/STM32CubeIDE_1.13.2/STM32CubeIDE/plugins/com.st.stm32cube.ide.mcu.externaltools.gnu-tools-for-stm32.11.3.rel1.win32_1.1.1.202309131626/tools/bin/../lib/gcc/arm-none-eabi/11.3.1/../../../../arm-none-eabi/lib/thumb/v7e-m+dp/hard\libc_nano.a(libc_a-closer.o) (errno)
C:/ST/STM32CubeIDE_1.13.2/STM32CubeIDE/plugins/com.st.stm32cube.ide.mcu.externaltools.gnu-tools-for-stm32.11.3.rel1.win32_1.1.1.202309131626/tools/bin/../lib/gcc/arm-none-eabi/11.3.1/../../../../arm-none-eabi/lib/thumb/v7e-m+dp/hard\libc_nano.a(libc_a-impure.o)
                              C:/ST/STM32CubeIDE_1.13.2/STM32CubeIDE/plugins/com.st.stm32cube.ide.mcu.externaltools.gnu-tools-for-stm32.11.3.rel1.win32_1.1.1.202309131626/tools/bin/../lib/gcc/arm-none-eabi/11.3.1/../../../../arm-none-eabi/lib/thumb/v7e-m+dp/hard\libc_nano.a(libc_a-reent.o) (_impure_ptr)
[...]
Memory Configuration

Name             Origin             Length             Attributes
FLASH            0x0000000008000000 0x0000000000200000 xr
DTCMRAM          0x0000000020000000 0x0000000000020000 xrw
RAM_D1           0x0000000024000000 0x0000000000080000 xrw
RAM_D2           0x0000000030000000 0x0000000000048000 xrw
RAM_D3           0x0000000038000000 0x0000000000010000 xrw
ITCMRAM          0x0000000000000000 0x0000000000010000 xrw
*default*        0x0000000000000000 0xffffffffffffffff

Linker script and memory map

LOAD C:/ST/STM32CubeIDE_1.13.2/STM32CubeIDE/plugins/com.st.stm32cube.ide.mcu.externaltools.gnu-tools-for-stm32.11.3.rel1.win32_1.1.1.202309131626/tools/bin/../lib/gcc/arm-none-eabi/11.3.1/thumb/v7e-m+dp/hard/crti.o
LOAD C:/ST/STM32CubeIDE_1.13.2/STM32CubeIDE/plugins/com.st.stm32cube.ide.mcu.externaltools.gnu-tools-for-stm32.11.3.rel1.win32_1.1.1.202309131626/tools/bin/../lib/gcc/arm-none-eabi/11.3.1/thumb/v7e-m+dp/hard/crtbegin.o
LOAD C:/ST/STM32CubeIDE_1.13.2/STM32CubeIDE/plugins/com.st.stm32cube.ide.mcu.externaltools.gnu-tools-for-stm32.11.3.rel1.win32_1.1.1.202309131626/tools/bin/../lib/gcc/arm-none-eabi/11.3.1/../../../../arm-none-eabi/lib/thumb/v7e-m+dp/hard/crt0.o
LOAD ./Core/Src/main.o
LOAD ./Core/Src/stm32h7xx_hal_msp.o
LOAD ./Core/Src/stm32h7xx_it.o
LOAD ./Core/Src/syscalls.o
LOAD ./Core/Src/sysmem.o
LOAD ./Core/Src/system_stm32h7xx.o
LOAD ./Core/Startup/startup_stm32h743zitx.o
LOAD ./Drivers/STM32H7xx_HAL_Driver/Src/stm32h7xx_hal.o
LOAD ./Drivers/STM32H7xx_HAL_Driver/Src/stm32h7xx_hal_cortex.o
LOAD ./Drivers/STM32H7xx_HAL_Driver/Src/stm32h7xx_hal_dma.o
LOAD ./Drivers/STM32H7xx_HAL_Driver/Src/stm32h7xx_hal_dma_ex.o
LOAD ./Drivers/STM32H7xx_HAL_Driver/Src/stm32h7xx_hal_eth.o
LOAD ./Drivers/STM32H7xx_HAL_Driver/Src/stm32h7xx_hal_eth_ex.o
LOAD ./Drivers/STM32H7xx_HAL_Driver/Src/stm32h7xx_hal_exti.o
LOAD ./Drivers/STM32H7xx_HAL_Driver/Src/stm32h7xx_hal_flash.o
LOAD ./Drivers/STM32H7xx_HAL_Driver/Src/stm32h7xx_hal_flash_ex.o
LOAD ./Drivers/STM32H7xx_HAL_Driver/Src/stm32h7xx_hal_gpio.o
LOAD ./Drivers/STM32H7xx_HAL_Driver/Src/stm32h7xx_hal_hsem.o
LOAD ./Drivers/STM32H7xx_HAL_Driver/Src/stm32h7xx_hal_i2c.o
LOAD ./Drivers/STM32H7xx_HAL_Driver/Src/stm32h7xx_hal_i2c_ex.o
LOAD ./Drivers/STM32H7xx_HAL_Driver/Src/stm32h7xx_hal_mdma.o
LOAD ./Drivers/STM32H7xx_HAL_Driver/Src/stm32h7xx_hal_pcd.o
LOAD ./Drivers/STM32H7xx_HAL_Driver/Src/stm32h7xx_hal_pcd_ex.o
LOAD ./Drivers/STM32H7xx_HAL_Driver/Src/stm32h7xx_hal_pwr.o
LOAD ./Drivers/STM32H7xx_HAL_Driver/Src/stm32h7xx_hal_pwr_ex.o
LOAD ./Drivers/STM32H7xx_HAL_Driver/Src/stm32h7xx_hal_rcc.o
LOAD ./Drivers/STM32H7xx_HAL_Driver/Src/stm32h7xx_hal_rcc_ex.o
LOAD ./Drivers/STM32H7xx_HAL_Driver/Src/stm32h7xx_hal_tim.o
LOAD ./Drivers/STM32H7xx_HAL_Driver/Src/stm32h7xx_hal_tim_ex.o
LOAD ./Drivers/STM32H7xx_HAL_Driver/Src/stm32h7xx_hal_uart.o
LOAD ./Drivers/STM32H7xx_HAL_Driver/Src/stm32h7xx_hal_uart_ex.o
LOAD ./Drivers/STM32H7xx_HAL_Driver/Src/stm32h7xx_ll_usb.o
START GROUP
LOAD C:/ST/STM32CubeIDE_1.13.2/STM32CubeIDE/plugins/com.st.stm32cube.ide.mcu.externaltools.gnu-tools-for-stm32.11.3.rel1.win32_1.1.1.202309131626/tools/bin/../lib/gcc/arm-none-eabi/11.3.1/../../../../arm-none-eabi/lib/thumb/v7e-m+dp/hard\libc_nano.a
LOAD C:/ST/STM32CubeIDE_1.13.2/STM32CubeIDE/plugins/com.st.stm32cube.ide.mcu.externaltools.gnu-tools-for-stm32.11.3.rel1.win32_1.1.1.202309131626/tools/bin/../lib/gcc/arm-none-eabi/11.3.1/../../../../arm-none-eabi/lib/thumb/v7e-m+dp/hard\libm.a
END GROUP
START GROUP
LOAD C:/ST/STM32CubeIDE_1.13.2/STM32CubeIDE/plugins/com.st.stm32cube.ide.mcu.externaltools.gnu-tools-for-stm32.11.3.rel1.win32_1.1.1.202309131626/tools/bin/../lib/gcc/arm-none-eabi/11.3.1/thumb/v7e-m+dp/hard\libgcc.a
LOAD C:/ST/STM32CubeIDE_1.13.2/STM32CubeIDE/plugins/com.st.stm32cube.ide.mcu.externaltools.gnu-tools-for-stm32.11.3.rel1.win32_1.1.1.202309131626/tools/bin/../lib/gcc/arm-none-eabi/11.3.1/../../../../arm-none-eabi/lib/thumb/v7e-m+dp/hard\libc_nano.a
END GROUP
START GROUP
LOAD C:/ST/STM32CubeIDE_1.13.2/STM32CubeIDE/plugins/com.st.stm32cube.ide.mcu.externaltools.gnu-tools-for-stm32.11.3.rel1.win32_1.1.1.202309131626/tools/bin/../lib/gcc/arm-none-eabi/11.3.1/thumb/v7e-m+dp/hard\libgcc.a
LOAD C:/ST/STM32CubeIDE_1.13.2/STM32CubeIDE/plugins/com.st.stm32cube.ide.mcu.externaltools.gnu-tools-for-stm32.11.3.rel1.win32_1.1.1.202309131626/tools/bin/../lib/gcc/arm-none-eabi/11.3.1/../../../../arm-none-eabi/lib/thumb/v7e-m+dp/hard\libc_nano.a
LOAD C:/ST/STM32CubeIDE_1.13.2/STM32CubeIDE/plugins/com.st.stm32cube.ide.mcu.externaltools.gnu-tools-for-stm32.11.3.rel1.win32_1.1.1.202309131626/tools/bin/../lib/gcc/arm-none-eabi/11.3.1/../../../../arm-none-eabi/lib/thumb/v7e-m+dp/hard\libnosys.a
END GROUP
START GROUP
LOAD C:/ST/STM32CubeIDE_1.13.2/STM32CubeIDE/plugins/com.st.stm32cube.ide.mcu.externaltools.gnu-tools-for-stm32.11.3.rel1.win32_1.1.1.202309131626/tools/bin/../lib/gcc/arm-none-eabi/11.3.1/thumb/v7e-m+dp/hard\libgcc.a
LOAD C:/ST/STM32CubeIDE_1.13.2/STM32CubeIDE/plugins/com.st.stm32cube.ide.mcu.externaltools.gnu-tools-for-stm32.11.3.rel1.win32_1.1.1.202309131626/tools/bin/../lib/gcc/arm-none-eabi/11.3.1/../../../../arm-none-eabi/lib/thumb/v7e-m+dp/hard\libc_nano.a
LOAD C:/ST/STM32CubeIDE_1.13.2/STM32CubeIDE/plugins/com.st.stm32cube.ide.mcu.externaltools.gnu-tools-for-stm32.11.3.rel1.win32_1.1.1.202309131626/tools/bin/../lib/gcc/arm-none-eabi/11.3.1/../../../../arm-none-eabi/lib/thumb/v7e-m+dp/hard\libnosys.a
END GROUP
LOAD C:/ST/STM32CubeIDE_1.13.2/STM32CubeIDE/plugins/com.st.stm32cube.ide.mcu.externaltools.gnu-tools-for-stm32.11.3.rel1.win32_1.1.1.202309131626/tools/bin/../lib/gcc/arm-none-eabi/11.3.1/thumb/v7e-m+dp/hard/crtend.o
LOAD C:/ST/STM32CubeIDE_1.13.2/STM32CubeIDE/plugins/com.st.stm32cube.ide.mcu.externaltools.gnu-tools-for-stm32.11.3.rel1.win32_1.1.1.202309131626/tools/bin/../lib/gcc/arm-none-eabi/11.3.1/thumb/v7e-m+dp/hard/crtn.o
                0x0000000024080000                _estack = (ORIGIN (RAM_D1) + LENGTH (RAM_D1))
                0x0000000000000200                _Min_Heap_Size = 0x200
                0x0000000000000400                _Min_Stack_Size = 0x400

.isr_vector     0x0000000008000000      0x298
                0x0000000008000000                . = ALIGN (0x4)
 *(.isr_vector)
 .isr_vector    0x0000000008000000      0x298 ./Core/Startup/startup_stm32h743zitx.o
                0x0000000008000000                g_pfnVectors
                0x0000000008000298                . = ALIGN (0x4)

.text           0x0000000008000298     0x8a18
                0x0000000008000298                . = ALIGN (0x4)
 *(.text)
 .text          0x0000000008000298       0x40 C:/ST/STM32CubeIDE_1.13.2/STM32CubeIDE/plugins/com.st.stm32cube.ide.mcu.externaltools.gnu-tools-for-stm32.11.3.rel1.win32_1.1.1.202309131626/tools/bin/../lib/gcc/arm-none-eabi/11.3.1/thumb/v7e-m+dp/hard/crtbegin.o
 .text          0x00000000080002d8       0x10 C:/ST/STM32CubeIDE_1.13.2/STM32CubeIDE/plugins/com.st.stm32cube.ide.mcu.externaltools.gnu-tools-for-stm32.11.3.rel1.win32_1.1.1.202309131626/tools/bin/../lib/gcc/arm-none-eabi/11.3.1/../../../../arm-none-eabi/lib/thumb/v7e-m+dp/hard\libc_nano.a(libc_a-strlen.o)
                0x00000000080002d8                strlen
 .text          0x00000000080002e8       0x30 C:/ST/STM32CubeIDE_1.13.2/STM32CubeIDE/plugins/com.st.stm32cube.ide.mcu.externaltools.gnu-tools-for-stm32.11.3.rel1.win32_1.1.1.202309131626/tools/bin/../lib/gcc/arm-none-eabi/11.3.1/thumb/v7e-m+dp/hard\libgcc.a(_aeabi_uldivmod.o)
                0x00000000080002e8                __aeabi_uldivmod
 .text          0x0000000008000318      0x2c8 C:/ST/STM32CubeIDE_1.13.2/STM32CubeIDE/plugins/com.st.stm32cube.ide.mcu.externaltools.gnu-tools-for-stm32.11.3.rel1.win32_1.1.1.202309131626/tools/bin/../lib/gcc/arm-none-eabi/11.3.1/thumb/v7e-m+dp/hard\libgcc.a(_udivmoddi4.o)
                0x0000000008000318                __udivmoddi4
 .text          0x00000000080005e0        0x4 C:/ST/STM32CubeIDE_1.13.2/STM32CubeIDE/plugins/com.st.stm32cube.ide.mcu.externaltools.gnu-tools-for-stm32.11.3.rel1.win32_1.1.1.202309131626/tools/bin/../lib/gcc/arm-none-eabi/11.3.1/thumb/v7e-m+dp/hard\libgcc.a(_dvmd_tls.o)
                0x00000000080005e0                __aeabi_idiv0
                0x00000000080005e0                __aeabi_ldiv0
 *(.text*)
 .text.main     0x00000000080005e4      0x1fc ./Core/Src/main.o
                0x00000000080005e4                main
 .text.SystemClock_Config
                0x00000000080007e0      0x100 ./Core/Src/main.o
                0x00000000080007e0                SystemClock_Config
 .text.MX_ETH_Init
                0x00000000080008e0       0x98 ./Core/Src/main.o
 .text.MX_UART4_Init
                0x0000000008000978       0x98 ./Core/Src/main.o
 .text.MX_USART3_UART_Init
                0x0000000008000a10       0x98 ./Core/Src/main.o
 .text.MX_USB_OTG_FS_PCD_Init
                0x0000000008000aa8       0x64 ./Core/Src/main.o
 .text.MX_GPIO_Init
                0x0000000008000b0c      0x1b8 ./Core/Src/main.o
 .text.HAL_UART_RxCpltCallback
                0x0000000008000cc4       0x94 ./Core/Src/main.o
                0x0000000008000cc4                HAL_UART_RxCpltCallback
 .text.Error_Handler
                0x0000000008000d58        0xa ./Core/Src/main.o
                0x0000000008000d58                Error_Handler
 *fill*         0x0000000008000d62        0x2 
 .text.HAL_MspInit
                0x0000000008000d64       0x34 ./Core/Src/stm32h7xx_hal_msp.o
                0x0000000008000d64                HAL_MspInit
 .text.HAL_ETH_MspInit
                0x0000000008000d98      0x19c ./Core/Src/stm32h7xx_hal_msp.o
                0x0000000008000d98                HAL_ETH_MspInit
 .text.HAL_UART_MspInit
                0x0000000008000f34      0x1d0 ./Core/Src/stm32h7xx_hal_msp.o
                0x0000000008000f34                HAL_UART_MspInit
 .text.HAL_PCD_MspInit
                0x0000000008001104       0xf8 ./Core/Src/stm32h7xx_hal_msp.o
                0x0000000008001104                HAL_PCD_MspInit
 .text.__NVIC_SystemReset
                0x00000000080011fc       0x2c ./Core/Src/stm32h7xx_it.o
 .text.NMI_Handler
                0x0000000008001228        0x6 ./Core/Src/stm32h7xx_it.o
                0x0000000008001228                NMI_Handler
 .text.HardFault_Handler
                0x000000000800122e        0x8 ./Core/Src/stm32h7xx_it.o
                0x000000000800122e                HardFault_Handler
 .text.MemManage_Handler
                0x0000000008001236        0x6 ./Core/Src/stm32h7xx_it.o
                0x0000000008001236                MemManage_Handler
 .text.BusFault_Handler
                0x000000000800123c        0x6 ./Core/Src/stm32h7xx_it.o
                0x000000000800123c                BusFault_Handler
 .text.UsageFault_Handler
                0x0000000008001242        0x6 ./Core/Src/stm32h7xx_it.o
                0x0000000008001242                UsageFault_Handler
 .text.SVC_Handler
                0x0000000008001248        0xe ./Core/Src/stm32h7xx_it.o
                0x0000000008001248                SVC_Handler
 .text.DebugMon_Handler
                0x0000000008001256        0xe ./Core/Src/stm32h7xx_it.o
                0x0000000008001256                DebugMon_Handler
 .text.PendSV_Handler
                0x0000000008001264        0xe ./Core/Src/stm32h7xx_it.o
                0x0000000008001264                PendSV_Handler
 .text.SysTick_Handler
                0x0000000008001272        0xc ./Core/Src/stm32h7xx_it.o
                0x0000000008001272                SysTick_Handler
 *fill*         0x000000000800127e        0x2 
 .text.UART4_IRQHandler
                0x0000000008001280       0x14 ./Core/Src/stm32h7xx_it.o
                0x0000000008001280                UART4_IRQHandler
 .text.SystemInit
                0x0000000008001294      0x110 ./Core/Src/system_stm32h7xx.o
                0x0000000008001294                SystemInit
 .text.Reset_Handler
                0x00000000080013a4       0x50 ./Core/Startup/startup_stm32h743zitx.o
                0x00000000080013a4                Reset_Handler
 .text.Default_Handler
                0x00000000080013f4        0x2 ./Core/Startup/startup_stm32h743zitx.o
                0x00000000080013f4                RTC_Alarm_IRQHandler
                0x00000000080013f4                EXTI2_IRQHandler
                0x00000000080013f4                TIM8_CC_IRQHandler
                0x00000000080013f4                HRTIM1_Master_IRQHandler
                0x00000000080013f4                UART8_IRQHandler
                0x00000000080013f4                SPI4_IRQHandler
                0x00000000080013f4                TIM1_CC_IRQHandler
                0x00000000080013f4                BDMA_Channel6_IRQHandler
                0x00000000080013f4                DMA2_Stream5_IRQHandler
                0x00000000080013f4                HRTIM1_FLT_IRQHandler
                0x00000000080013f4                JPEG_IRQHandler
                0x00000000080013f4                DMA1_Stream5_IRQHandler
                0x00000000080013f4                BDMA_Channel1_IRQHandler
                0x00000000080013f4                HRTIM1_TIMD_IRQHandler
                0x00000000080013f4                TAMP_STAMP_IRQHandler
                0x00000000080013f4                EXTI3_IRQHandler
                0x00000000080013f4                LPTIM4_IRQHandler
                0x00000000080013f4                TIM8_TRG_COM_TIM14_IRQHandler
                0x00000000080013f4                LPTIM2_IRQHandler
                0x00000000080013f4                DFSDM1_FLT1_IRQHandler
                0x00000000080013f4                DMAMUX2_OVR_IRQHandler
                0x00000000080013f4                TIM8_UP_TIM13_IRQHandler
                0x00000000080013f4                I2C3_ER_IRQHandler
                0x00000000080013f4                DFSDM1_FLT2_IRQHandler
                0x00000000080013f4                MDMA_IRQHandler
                0x00000000080013f4                LPTIM3_IRQHandler
                0x00000000080013f4                HSEM1_IRQHandler
                0x00000000080013f4                EXTI0_IRQHandler
                0x00000000080013f4                I2C2_EV_IRQHandler
                0x00000000080013f4                DMA1_Stream2_IRQHandler
                0x00000000080013f4                FPU_IRQHandler
                0x00000000080013f4                OTG_HS_WKUP_IRQHandler
                0x00000000080013f4                FDCAN1_IT1_IRQHandler
                0x00000000080013f4                LTDC_ER_IRQHandler
                0x00000000080013f4                DMA2_Stream2_IRQHandler
                0x00000000080013f4                HRTIM1_TIME_IRQHandler
                0x00000000080013f4                SPI1_IRQHandler
                0x00000000080013f4                TIM6_DAC_IRQHandler
                0x00000000080013f4                DCMI_IRQHandler
                0x00000000080013f4                HRTIM1_TIMC_IRQHandler
                0x00000000080013f4                DMA2_Stream3_IRQHandler
                0x00000000080013f4                SAI2_IRQHandler
                0x00000000080013f4                DFSDM1_FLT3_IRQHandler
                0x00000000080013f4                USART6_IRQHandler
                0x00000000080013f4                TIM17_IRQHandler
                0x00000000080013f4                USART3_IRQHandler
                0x00000000080013f4                BDMA_Channel7_IRQHandler
                0x00000000080013f4                LPTIM5_IRQHandler
                0x00000000080013f4                UART5_IRQHandler
                0x00000000080013f4                ADC3_IRQHandler
                0x00000000080013f4                DMA2_Stream0_IRQHandler
                0x00000000080013f4                TIM4_IRQHandler
                0x00000000080013f4                BDMA_Channel2_IRQHandler
                0x00000000080013f4                QUADSPI_IRQHandler
                0x00000000080013f4                I2C1_EV_IRQHandler
                0x00000000080013f4                DMA1_Stream6_IRQHandler
                0x00000000080013f4                DMAMUX1_OVR_IRQHandler
                0x00000000080013f4                DMA1_Stream1_IRQHandler
                0x00000000080013f4                TIM16_IRQHandler
                0x00000000080013f4                BDMA_Channel5_IRQHandler
                0x00000000080013f4                TIM3_IRQHandler
                0x00000000080013f4                RCC_IRQHandler
                0x00000000080013f4                TIM8_BRK_TIM12_IRQHandler
                0x00000000080013f4                TIM1_TRG_COM_IRQHandler
                0x00000000080013f4                Default_Handler
                0x00000000080013f4                ECC_IRQHandler
                0x00000000080013f4                CEC_IRQHandler
                0x00000000080013f4                EXTI15_10_IRQHandler
                0x00000000080013f4                BDMA_Channel0_IRQHandler
                0x00000000080013f4                ADC_IRQHandler
                0x00000000080013f4                DMA1_Stream7_IRQHandler
                0x00000000080013f4                HRTIM1_TIMA_IRQHandler
                0x00000000080013f4                SPI5_IRQHandler
                0x00000000080013f4                TIM7_IRQHandler
                0x00000000080013f4                SDMMC1_IRQHandler
                0x00000000080013f4                TIM5_IRQHandler
                0x00000000080013f4                DMA2_Stream7_IRQHandler
                0x00000000080013f4                TIM15_IRQHandler
                0x00000000080013f4                PVD_AVD_IRQHandler
                0x00000000080013f4                I2C3_EV_IRQHandler
                0x00000000080013f4                EXTI9_5_IRQHandler
                0x00000000080013f4                RTC_WKUP_IRQHandler
                0x00000000080013f4                LTDC_IRQHandler
                0x00000000080013f4                SAI3_IRQHandler
                0x00000000080013f4                ETH_WKUP_IRQHandler
                0x00000000080013f4                SPDIF_RX_IRQHandler
                0x00000000080013f4                SPI2_IRQHandler
                0x00000000080013f4                OTG_HS_EP1_IN_IRQHandler
                0x00000000080013f4                DMA1_Stream0_IRQHandler
                0x00000000080013f4                CRS_IRQHandler
                0x00000000080013f4                EXTI4_IRQHandler
                0x00000000080013f4                RNG_IRQHandler
                0x00000000080013f4                HRTIM1_TIMB_IRQHandler
                0x00000000080013f4                FDCAN2_IT1_IRQHandler
                0x00000000080013f4                ETH_IRQHandler
                0x00000000080013f4                TIM1_UP_IRQHandler
                0x00000000080013f4                BDMA_Channel4_IRQHandler
                0x00000000080013f4                OTG_HS_EP1_OUT_IRQHandler
                0x00000000080013f4                WWDG_IRQHandler
                0x00000000080013f4                SPI6_IRQHandler
                0x00000000080013f4                MDIOS_IRQHandler
                0x00000000080013f4                I2C4_EV_IRQHandler
                0x00000000080013f4                FDCAN2_IT0_IRQHandler
                0x00000000080013f4                LPUART1_IRQHandler
                0x00000000080013f4                FDCAN1_IT0_IRQHandler
                0x00000000080013f4                TIM2_IRQHandler
                0x00000000080013f4                OTG_FS_WKUP_IRQHandler
                0x00000000080013f4                OTG_HS_IRQHandler
                0x00000000080013f4                DMA2D_IRQHandler
                0x00000000080013f4                TIM1_BRK_IRQHandler
                0x00000000080013f4                EXTI1_IRQHandler
                0x00000000080013f4                SDMMC2_IRQHandler
                0x00000000080013f4                OTG_FS_EP1_OUT_IRQHandler
                0x00000000080013f4                BDMA_Channel3_IRQHandler
                0x00000000080013f4                UART7_IRQHandler
                0x00000000080013f4                MDIOS_WKUP_IRQHandler
                0x00000000080013f4                USART2_IRQHandler
                0x00000000080013f4                DFSDM1_FLT0_IRQHandler
                0x00000000080013f4                SAI4_IRQHandler
                0x00000000080013f4                I2C2_ER_IRQHandler
                0x00000000080013f4                DMA2_Stream1_IRQHandler
                0x00000000080013f4                FLASH_IRQHandler
                0x00000000080013f4                DMA2_Stream4_IRQHandler
                0x00000000080013f4                USART1_IRQHandler
                0x00000000080013f4                OTG_FS_IRQHandler
                0x00000000080013f4                SPI3_IRQHandler
                0x00000000080013f4                WAKEUP_PIN_IRQHandler
                0x00000000080013f4                DMA1_Stream4_IRQHandler
                0x00000000080013f4                OTG_FS_EP1_IN_IRQHandler
                0x00000000080013f4                I2C1_ER_IRQHandler
                0x00000000080013f4                FMC_IRQHandler
                0x00000000080013f4                FDCAN_CAL_IRQHandler
                0x00000000080013f4                SWPMI1_IRQHandler
                0x00000000080013f4                COMP1_IRQHandler
                0x00000000080013f4                LPTIM1_IRQHandler
                0x00000000080013f4                I2C4_ER_IRQHandler
                0x00000000080013f4                DMA2_Stream6_IRQHandler
                0x00000000080013f4                SAI1_IRQHandler
                0x00000000080013f4                DMA1_Stream3_IRQHandler
 *fill*         0x00000000080013f6        0x2 
 .text.HAL_Init
                0x00000000080013f8       0x78 ./Drivers/STM32H7xx_HAL_Driver/Src/stm32h7xx_hal.o
                0x00000000080013f8                HAL_Init
 .text.HAL_InitTick
                0x0000000008001470       0x6c ./Drivers/STM32H7xx_HAL_Driver/Src/stm32h7xx_hal.o
                0x0000000008001470                HAL_InitTick
 .text.HAL_IncTick
                0x00000000080014dc       0x28 ./Drivers/STM32H7xx_HAL_Driver/Src/stm32h7xx_hal.o
                0x00000000080014dc                HAL_IncTick
 .text.HAL_GetTick
                0x0000000008001504       0x18 ./Drivers/STM32H7xx_HAL_Driver/Src/stm32h7xx_hal.o
                0x0000000008001504                HAL_GetTick
 .text.HAL_Delay
                0x000000000800151c       0x48 ./Drivers/STM32H7xx_HAL_Driver/Src/stm32h7xx_hal.o
                0x000000000800151c                HAL_Delay
 .text.HAL_GetREVID
                0x0000000008001564       0x18 ./Drivers/STM32H7xx_HAL_Driver/Src/stm32h7xx_hal.o
                0x0000000008001564                HAL_GetREVID
 .text.HAL_SYSCFG_ETHInterfaceSelect
                0x000000000800157c       0x28 ./Drivers/STM32H7xx_HAL_Driver/Src/stm32h7xx_hal.o
                0x000000000800157c                HAL_SYSCFG_ETHInterfaceSelect
 .text.__NVIC_SetPriorityGrouping
                0x00000000080015a4       0x48 ./Drivers/STM32H7xx_HAL_Driver/Src/stm32h7xx_hal_cortex.o
 .text.__NVIC_GetPriorityGrouping
                0x00000000080015ec       0x1c ./Drivers/STM32H7xx_HAL_Driver/Src/stm32h7xx_hal_cortex.o
 .text.__NVIC_EnableIRQ
                0x0000000008001608       0x3c ./Drivers/STM32H7xx_HAL_Driver/Src/stm32h7xx_hal_cortex.o
 .text.__NVIC_SetPriority
                0x0000000008001644       0x54 ./Drivers/STM32H7xx_HAL_Driver/Src/stm32h7xx_hal_cortex.o
 .text.NVIC_EncodePriority
                0x0000000008001698       0x66 ./Drivers/STM32H7xx_HAL_Driver/Src/stm32h7xx_hal_cortex.o
 *fill*         0x00000000080016fe        0x2 
 .text.SysTick_Config
                0x0000000008001700       0x44 ./Drivers/STM32H7xx_HAL_Driver/Src/stm32h7xx_hal_cortex.o
 .text.HAL_NVIC_SetPriorityGrouping
                0x0000000008001744       0x16 ./Drivers/STM32H7xx_HAL_Driver/Src/stm32h7xx_hal_cortex.o
                0x0000000008001744                HAL_NVIC_SetPriorityGrouping
 .text.HAL_NVIC_SetPriority
                0x000000000800175a       0x34 ./Drivers/STM32H7xx_HAL_Driver/Src/stm32h7xx_hal_cortex.o
                0x000000000800175a                HAL_NVIC_SetPriority
 .text.HAL_NVIC_EnableIRQ
                0x000000000800178e       0x1c ./Drivers/STM32H7xx_HAL_Driver/Src/stm32h7xx_hal_cortex.o
                0x000000000800178e                HAL_NVIC_EnableIRQ
 .text.HAL_SYSTICK_Config
                0x00000000080017aa       0x18 ./Drivers/STM32H7xx_HAL_Driver/Src/stm32h7xx_hal_cortex.o
                0x00000000080017aa                HAL_SYSTICK_Config
 *fill*         0x00000000080017c2        0x2 
 .text.HAL_DMA_Abort
                0x00000000080017c4      0x63c ./Drivers/STM32H7xx_HAL_Driver/Src/stm32h7xx_hal_dma.o
                0x00000000080017c4                HAL_DMA_Abort
 .text.HAL_DMA_Abort_IT
                0x0000000008001e00      0x48c ./Drivers/STM32H7xx_HAL_Driver/Src/stm32h7xx_hal_dma.o
                0x0000000008001e00                HAL_DMA_Abort_IT
 .text.HAL_ETH_Init
                0x000000000800228c      0x1cc ./Drivers/STM32H7xx_HAL_Driver/Src/stm32h7xx_hal_eth.o
                0x000000000800228c                HAL_ETH_Init
 .text.HAL_ETH_SetMDIOClockRange
                0x0000000008002458       0xb0 ./Drivers/STM32H7xx_HAL_Driver/Src/stm32h7xx_hal_eth.o
                0x0000000008002458                HAL_ETH_SetMDIOClockRange
 .text.ETH_SetMACConfig
                0x0000000008002508      0x238 ./Drivers/STM32H7xx_HAL_Driver/Src/stm32h7xx_hal_eth.o
 .text.ETH_SetDMAConfig
                0x0000000008002740      0x10c ./Drivers/STM32H7xx_HAL_Driver/Src/stm32h7xx_hal_eth.o
 .text.ETH_MACDMAConfig
                0x000000000800284c      0x13a ./Drivers/STM32H7xx_HAL_Driver/Src/stm32h7xx_hal_eth.o
 .text.ETH_DMATxDescListInit
                0x0000000008002986       0x92 ./Drivers/STM32H7xx_HAL_Driver/Src/stm32h7xx_hal_eth.o
 .text.ETH_DMARxDescListInit
                0x0000000008002a18       0xba ./Drivers/STM32H7xx_HAL_Driver/Src/stm32h7xx_hal_eth.o
 *fill*         0x0000000008002ad2        0x2 
 .text.HAL_GPIO_Init
                0x0000000008002ad4      0x360 ./Drivers/STM32H7xx_HAL_Driver/Src/stm32h7xx_hal_gpio.o
                0x0000000008002ad4                HAL_GPIO_Init
 .text.HAL_GPIO_WritePin
                0x0000000008002e34       0x32 ./Drivers/STM32H7xx_HAL_Driver/Src/stm32h7xx_hal_gpio.o
                0x0000000008002e34                HAL_GPIO_WritePin
 .text.HAL_PCD_Init
                0x0000000008002e66      0x248 ./Drivers/STM32H7xx_HAL_Driver/Src/stm32h7xx_hal_pcd.o
                0x0000000008002e66                HAL_PCD_Init
 *fill*         0x00000000080030ae        0x2 
 .text.HAL_PCDEx_ActivateLPM
                0x00000000080030b0       0x48 ./Drivers/STM32H7xx_HAL_Driver/Src/stm32h7xx_hal_pcd_ex.o
                0x00000000080030b0                HAL_PCDEx_ActivateLPM
 .text.HAL_PWREx_ConfigSupply
                0x00000000080030f8       0x74 ./Drivers/STM32H7xx_HAL_Driver/Src/stm32h7xx_hal_pwr_ex.o
                0x00000000080030f8                HAL_PWREx_ConfigSupply
 .text.HAL_PWREx_EnableUSBVoltageDetector
                0x000000000800316c       0x20 ./Drivers/STM32H7xx_HAL_Driver/Src/stm32h7xx_hal_pwr_ex.o
                0x000000000800316c                HAL_PWREx_EnableUSBVoltageDetector
 .text.HAL_RCC_OscConfig
                0x000000000800318c      0x8b4 ./Drivers/STM32H7xx_HAL_Driver/Src/stm32h7xx_hal_rcc.o
                0x000000000800318c                HAL_RCC_OscConfig
 .text.HAL_RCC_ClockConfig
                0x0000000008003a40      0x36c ./Drivers/STM32H7xx_HAL_Driver/Src/stm32h7xx_hal_rcc.o
                0x0000000008003a40                HAL_RCC_ClockConfig
 .text.HAL_RCC_GetSysClockFreq
                0x0000000008003dac      0x2f4 ./Drivers/STM32H7xx_HAL_Driver/Src/stm32h7xx_hal_rcc.o
                0x0000000008003dac                HAL_RCC_GetSysClockFreq
 .text.HAL_RCC_GetHCLKFreq
                0x00000000080040a0       0x60 ./Drivers/STM32H7xx_HAL_Driver/Src/stm32h7xx_hal_rcc.o
                0x00000000080040a0                HAL_RCC_GetHCLKFreq
 .text.HAL_RCC_GetPCLK1Freq
                0x0000000008004100       0x2c ./Drivers/STM32H7xx_HAL_Driver/Src/stm32h7xx_hal_rcc.o
                0x0000000008004100                HAL_RCC_GetPCLK1Freq
 .text.HAL_RCC_GetPCLK2Freq
                0x000000000800412c       0x2c ./Drivers/STM32H7xx_HAL_Driver/Src/stm32h7xx_hal_rcc.o
                0x000000000800412c                HAL_RCC_GetPCLK2Freq
 .text.HAL_RCCEx_PeriphCLKConfig
                0x0000000008004158     0x1414 ./Drivers/STM32H7xx_HAL_Driver/Src/stm32h7xx_hal_rcc_ex.o
                0x0000000008004158                HAL_RCCEx_PeriphCLKConfig
 .text.HAL_RCCEx_GetD3PCLK1Freq
                0x000000000800556c       0x2c ./Drivers/STM32H7xx_HAL_Driver/Src/stm32h7xx_hal_rcc_ex.o
                0x000000000800556c                HAL_RCCEx_GetD3PCLK1Freq
 .text.HAL_RCCEx_GetPLL2ClockFreq
                0x0000000008005598      0x2a8 ./Drivers/STM32H7xx_HAL_Driver/Src/stm32h7xx_hal_rcc_ex.o
                0x0000000008005598                HAL_RCCEx_GetPLL2ClockFreq
 .text.HAL_RCCEx_GetPLL3ClockFreq
                0x0000000008005840      0x2a8 ./Drivers/STM32H7xx_HAL_Driver/Src/stm32h7xx_hal_rcc_ex.o
                0x0000000008005840                HAL_RCCEx_GetPLL3ClockFreq
 .text.RCCEx_PLL2_Config
                0x0000000008005ae8      0x164 ./Drivers/STM32H7xx_HAL_Driver/Src/stm32h7xx_hal_rcc_ex.o
 .text.RCCEx_PLL3_Config
                0x0000000008005c4c      0x164 ./Drivers/STM32H7xx_HAL_Driver/Src/stm32h7xx_hal_rcc_ex.o
 .text.HAL_UART_Init
                0x0000000008005db0       0xa0 ./Drivers/STM32H7xx_HAL_Driver/Src/stm32h7xx_hal_uart.o
                0x0000000008005db0                HAL_UART_Init
 .text.HAL_UART_Transmit
                0x0000000008005e50      0x11c ./Drivers/STM32H7xx_HAL_Driver/Src/stm32h7xx_hal_uart.o
                0x0000000008005e50                HAL_UART_Transmit
 .text.HAL_UART_Receive_IT
                0x0000000008005f6c       0x98 ./Drivers/STM32H7xx_HAL_Driver/Src/stm32h7xx_hal_uart.o
                0x0000000008005f6c                HAL_UART_Receive_IT
 .text.HAL_UART_IRQHandler
                0x0000000008006004      0x774 ./Drivers/STM32H7xx_HAL_Driver/Src/stm32h7xx_hal_uart.o
                0x0000000008006004                HAL_UART_IRQHandler
 .text.HAL_UART_TxCpltCallback
                0x0000000008006778       0x14 ./Drivers/STM32H7xx_HAL_Driver/Src/stm32h7xx_hal_uart.o
                0x0000000008006778                HAL_UART_TxCpltCallback
 .text.HAL_UART_ErrorCallback
                0x000000000800678c       0x14 ./Drivers/STM32H7xx_HAL_Driver/Src/stm32h7xx_hal_uart.o
                0x000000000800678c                HAL_UART_ErrorCallback
 .text.HAL_UARTEx_RxEventCallback
                0x00000000080067a0       0x18 ./Drivers/STM32H7xx_HAL_Driver/Src/stm32h7xx_hal_uart.o
                0x00000000080067a0                HAL_UARTEx_RxEventCallback
 .text.UART_SetConfig
                0x00000000080067b8      0xad0 ./Drivers/STM32H7xx_HAL_Driver/Src/stm32h7xx_hal_uart.o
                0x00000000080067b8                UART_SetConfig
 .text.UART_AdvFeatureConfig
                0x0000000008007288      0x144 ./Drivers/STM32H7xx_HAL_Driver/Src/stm32h7xx_hal_uart.o
                0x0000000008007288                UART_AdvFeatureConfig
 .text.UART_CheckIdleState
                0x00000000080073cc      0x154 ./Drivers/STM32H7xx_HAL_Driver/Src/stm32h7xx_hal_uart.o
                0x00000000080073cc                UART_CheckIdleState
 .text.UART_WaitOnFlagUntilTimeout
                0x0000000008007520       0xce ./Drivers/STM32H7xx_HAL_Driver/Src/stm32h7xx_hal_uart.o
                0x0000000008007520                UART_WaitOnFlagUntilTimeout
 *fill*         0x00000000080075ee        0x2 
 .text.UART_Start_Receive_IT
                0x00000000080075f0      0x244 ./Drivers/STM32H7xx_HAL_Driver/Src/stm32h7xx_hal_uart.o
                0x00000000080075f0                UART_Start_Receive_IT
 .text.UART_EndRxTransfer
                0x0000000008007834       0xcc ./Drivers/STM32H7xx_HAL_Driver/Src/stm32h7xx_hal_uart.o
 .text.UART_DMAAbortOnError
                0x0000000008007900       0x2c ./Drivers/STM32H7xx_HAL_Driver/Src/stm32h7xx_hal_uart.o
 .text.UART_EndTransmit_IT
                0x000000000800792c       0x56 ./Drivers/STM32H7xx_HAL_Driver/Src/stm32h7xx_hal_uart.o
 *fill*         0x0000000008007982        0x2 
 .text.UART_RxISR_8BIT
                0x0000000008007984      0x1b8 ./Drivers/STM32H7xx_HAL_Driver/Src/stm32h7xx_hal_uart.o
 .text.UART_RxISR_16BIT
                0x0000000008007b3c      0x1b8 ./Drivers/STM32H7xx_HAL_Driver/Src/stm32h7xx_hal_uart.o
 .text.UART_RxISR_8BIT_FIFOEN
                0x0000000008007cf4      0x360 ./Drivers/STM32H7xx_HAL_Driver/Src/stm32h7xx_hal_uart.o
 .text.UART_RxISR_16BIT_FIFOEN
                0x0000000008008054      0x368 ./Drivers/STM32H7xx_HAL_Driver/Src/stm32h7xx_hal_uart.o
 .text.HAL_UARTEx_WakeupCallback
                0x00000000080083bc       0x14 ./Drivers/STM32H7xx_HAL_Driver/Src/stm32h7xx_hal_uart_ex.o
                0x00000000080083bc                HAL_UARTEx_WakeupCallback
 .text.HAL_UARTEx_RxFifoFullCallback
                0x00000000080083d0       0x14 ./Drivers/STM32H7xx_HAL_Driver/Src/stm32h7xx_hal_uart_ex.o
                0x00000000080083d0                HAL_UARTEx_RxFifoFullCallback
 .text.HAL_UARTEx_TxFifoEmptyCallback
                0x00000000080083e4       0x14 ./Drivers/STM32H7xx_HAL_Driver/Src/stm32h7xx_hal_uart_ex.o
                0x00000000080083e4                HAL_UARTEx_TxFifoEmptyCallback
 .text.HAL_UARTEx_DisableFifoMode
                0x00000000080083f8       0x72 ./Drivers/STM32H7xx_HAL_Driver/Src/stm32h7xx_hal_uart_ex.o
                0x00000000080083f8                HAL_UARTEx_DisableFifoMode
 .text.HAL_UARTEx_SetTxFifoThreshold
                0x000000000800846a       0x7c ./Drivers/STM32H7xx_HAL_Driver/Src/stm32h7xx_hal_uart_ex.o
                0x000000000800846a                HAL_UARTEx_SetTxFifoThreshold
 .text.HAL_UARTEx_SetRxFifoThreshold
                0x00000000080084e6       0x7c ./Drivers/STM32H7xx_HAL_Driver/Src/stm32h7xx_hal_uart_ex.o
                0x00000000080084e6                HAL_UARTEx_SetRxFifoThreshold
 *fill*         0x0000000008008562        0x2 
 .text.UARTEx_SetNbDataToProcess
                0x0000000008008564       0x9c ./Drivers/STM32H7xx_HAL_Driver/Src/stm32h7xx_hal_uart_ex.o
 .text.USB_CoreInit
                0x0000000008008600       0xdc ./Drivers/STM32H7xx_HAL_Driver/Src/stm32h7xx_ll_usb.o
                0x0000000008008600                USB_CoreInit
 .text.USB_DisableGlobalInt
                0x00000000080086dc       0x22 ./Drivers/STM32H7xx_HAL_Driver/Src/stm32h7xx_ll_usb.o
                0x00000000080086dc                USB_DisableGlobalInt
 .text.USB_SetCurrentMode
                0x00000000080086fe       0x98 ./Drivers/STM32H7xx_HAL_Driver/Src/stm32h7xx_ll_usb.o
                0x00000000080086fe                USB_SetCurrentMode
 *fill*         0x0000000008008796        0x2 
 .text.USB_DevInit
                0x0000000008008798      0x2bc ./Drivers/STM32H7xx_HAL_Driver/Src/stm32h7xx_ll_usb.o
                0x0000000008008798                USB_DevInit
 .text.USB_FlushTxFifo
                0x0000000008008a54       0x68 ./Drivers/STM32H7xx_HAL_Driver/Src/stm32h7xx_ll_usb.o
                0x0000000008008a54                USB_FlushTxFifo
 .text.USB_FlushRxFifo
                0x0000000008008abc       0x60 ./Drivers/STM32H7xx_HAL_Driver/Src/stm32h7xx_ll_usb.o
                0x0000000008008abc                USB_FlushRxFifo
 .text.USB_SetDevSpeed
                0x0000000008008b1c       0x32 ./Drivers/STM32H7xx_HAL_Driver/Src/stm32h7xx_ll_usb.o
                0x0000000008008b1c                USB_SetDevSpeed
 .text.USB_DevDisconnect
                0x0000000008008b4e       0x42 ./Drivers/STM32H7xx_HAL_Driver/Src/stm32h7xx_ll_usb.o
                0x0000000008008b4e                USB_DevDisconnect
 .text.USB_GetMode
                0x0000000008008b90       0x1c ./Drivers/STM32H7xx_HAL_Driver/Src/stm32h7xx_ll_usb.o
                0x0000000008008b90                USB_GetMode
 .text.USB_CoreReset
                0x0000000008008bac       0x68 ./Drivers/STM32H7xx_HAL_Driver/Src/stm32h7xx_ll_usb.o
 .text.memset   0x0000000008008c14       0x10 C:/ST/STM32CubeIDE_1.13.2/STM32CubeIDE/plugins/com.st.stm32cube.ide.mcu.externaltools.gnu-tools-for-stm32.11.3.rel1.win32_1.1.1.202309131626/tools/bin/../lib/gcc/arm-none-eabi/11.3.1/../../../../arm-none-eabi/lib/thumb/v7e-m+dp/hard\libc_nano.a(libc_a-memset.o)
                0x0000000008008c14                memset
 .text.strstr   0x0000000008008c24       0x2c C:/ST/STM32CubeIDE_1.13.2/STM32CubeIDE/plugins/com.st.stm32cube.ide.mcu.externaltools.gnu-tools-for-stm32.11.3.rel1.win32_1.1.1.202309131626/tools/bin/../lib/gcc/arm-none-eabi/11.3.1/../../../../arm-none-eabi/lib/thumb/v7e-m+dp/hard\libc_nano.a(libc_a-strstr.o)
                0x0000000008008c24                strstr
 .text.__libc_init_array
                0x0000000008008c50       0x48 C:/ST/STM32CubeIDE_1.13.2/STM32CubeIDE/plugins/com.st.stm32cube.ide.mcu.externaltools.gnu-tools-for-stm32.11.3.rel1.win32_1.1.1.202309131626/tools/bin/../lib/gcc/arm-none-eabi/11.3.1/../../../../arm-none-eabi/lib/thumb/v7e-m+dp/hard\libc_nano.a(libc_a-init.o)
                0x0000000008008c50                __libc_init_array
 *(.glue_7)
 .glue_7        0x0000000008008c98        0x0 linker stubs
 *(.glue_7t)
 .glue_7t       0x0000000008008c98        0x0 linker stubs
 *(.eh_frame)
 .eh_frame      0x0000000008008c98        0x0 C:/ST/STM32CubeIDE_1.13.2/STM32CubeIDE/plugins/com.st.stm32cube.ide.mcu.externaltools.gnu-tools-for-stm32.11.3.rel1.win32_1.1.1.202309131626/tools/bin/../lib/gcc/arm-none-eabi/11.3.1/thumb/v7e-m+dp/hard/crtbegin.o
 *(.init)
 .init          0x0000000008008c98        0x4 C:/ST/STM32CubeIDE_1.13.2/STM32CubeIDE/plugins/com.st.stm32cube.ide.mcu.externaltools.gnu-tools-for-stm32.11.3.rel1.win32_1.1.1.202309131626/tools/bin/../lib/gcc/arm-none-eabi/11.3.1/thumb/v7e-m+dp/hard/crti.o
                0x0000000008008c98                _init
 .init          0x0000000008008c9c        0x8 C:/ST/STM32CubeIDE_1.13.2/STM32CubeIDE/plugins/com.st.stm32cube.ide.mcu.externaltools.gnu-tools-for-stm32.11.3.rel1.win32_1.1.1.202309131626/tools/bin/../lib/gcc/arm-none-eabi/11.3.1/thumb/v7e-m+dp/hard/crtn.o
 *(.fini)
 .fini          0x0000000008008ca4        0x4 C:/ST/STM32CubeIDE_1.13.2/STM32CubeIDE/plugins/com.st.stm32cube.ide.mcu.externaltools.gnu-tools-for-stm32.11.3.rel1.win32_1.1.1.202309131626/tools/bin/../lib/gcc/arm-none-eabi/11.3.1/thumb/v7e-m+dp/hard/crti.o
                0x0000000008008ca4                _fini
 .fini          0x0000000008008ca8        0x8 C:/ST/STM32CubeIDE_1.13.2/STM32CubeIDE/plugins/com.st.stm32cube.ide.mcu.externaltools.gnu-tools-for-stm32.11.3.rel1.win32_1.1.1.202309131626/tools/bin/../lib/gcc/arm-none-eabi/11.3.1/thumb/v7e-m+dp/hard/crtn.o
                0x0000000008008cb0                . = ALIGN (0x4)
                0x0000000008008cb0                _etext = .

.vfp11_veneer   0x0000000008008cb0        0x0
 .vfp11_veneer  0x0000000008008cb0        0x0 linker stubs

.v4_bx          0x0000000008008cb0        0x0
 .v4_bx         0x0000000008008cb0        0x0 linker stubs

.iplt           0x0000000008008cb0        0x0
 .iplt          0x0000000008008cb0        0x0 C:/ST/STM32CubeIDE_1.13.2/STM32CubeIDE/plugins/com.st.stm32cube.ide.mcu.externaltools.gnu-tools-for-stm32.11.3.rel1.win32_1.1.1.202309131626/tools/bin/../lib/gcc/arm-none-eabi/11.3.1/thumb/v7e-m+dp/hard/crtbegin.o

.rodata         0x0000000008008cb0       0x54
                0x0000000008008cb0                . = ALIGN (0x4)
 *(.rodata)
 .rodata        0x0000000008008cb0       0x19 ./Core/Src/main.o
 *(.rodata*)
 *fill*         0x0000000008008cc9        0x3 
 .rodata.D1CorePrescTable
                0x0000000008008ccc       0x10 ./Core/Src/system_stm32h7xx.o
                0x0000000008008ccc                D1CorePrescTable
 .rodata.UARTPrescTable
                0x0000000008008cdc       0x18 ./Drivers/STM32H7xx_HAL_Driver/Src/stm32h7xx_hal_uart.o
                0x0000000008008cdc                UARTPrescTable
 .rodata.numerator.1
                0x0000000008008cf4        0x8 ./Drivers/STM32H7xx_HAL_Driver/Src/stm32h7xx_hal_uart_ex.o
 .rodata.denominator.0
                0x0000000008008cfc        0x8 ./Drivers/STM32H7xx_HAL_Driver/Src/stm32h7xx_hal_uart_ex.o
                0x0000000008008d04                . = ALIGN (0x4)

.ARM.extab
 *(.ARM.extab* .gnu.linkonce.armextab.*)

.ARM            0x0000000008008d04        0x8
                0x0000000008008d04                __exidx_start = .
 *(.ARM.exidx*)
 .ARM.exidx     0x0000000008008d04        0x8 C:/ST/STM32CubeIDE_1.13.2/STM32CubeIDE/plugins/com.st.stm32cube.ide.mcu.externaltools.gnu-tools-for-stm32.11.3.rel1.win32_1.1.1.202309131626/tools/bin/../lib/gcc/arm-none-eabi/11.3.1/thumb/v7e-m+dp/hard\libgcc.a(_udivmoddi4.o)
                0x0000000008008d0c                __exidx_end = .

.rel.dyn        0x0000000008008d0c        0x0
 .rel.iplt      0x0000000008008d0c        0x0 C:/ST/STM32CubeIDE_1.13.2/STM32CubeIDE/plugins/com.st.stm32cube.ide.mcu.externaltools.gnu-tools-for-stm32.11.3.rel1.win32_1.1.1.202309131626/tools/bin/../lib/gcc/arm-none-eabi/11.3.1/thumb/v7e-m+dp/hard/crtbegin.o

.preinit_array  0x0000000008008d0c        0x0
                0x0000000008008d0c                PROVIDE (__preinit_array_start = .)
 *(.preinit_array*)
                0x0000000008008d0c                PROVIDE (__preinit_array_end = .)

.init_array     0x0000000008008d0c        0x4
                0x0000000008008d0c                PROVIDE (__init_array_start = .)
 *(SORT_BY_NAME(.init_array.*))
 *(.init_array*)
 .init_array    0x0000000008008d0c        0x4 C:/ST/STM32CubeIDE_1.13.2/STM32CubeIDE/plugins/com.st.stm32cube.ide.mcu.externaltools.gnu-tools-for-stm32.11.3.rel1.win32_1.1.1.202309131626/tools/bin/../lib/gcc/arm-none-eabi/11.3.1/thumb/v7e-m+dp/hard/crtbegin.o
                0x0000000008008d10                PROVIDE (__init_array_end = .)

.fini_array     0x0000000008008d10        0x4
                [!provide]                        PROVIDE (__fini_array_start = .)
 *(SORT_BY_NAME(.fini_array.*))
 *(.fini_array*)
 .fini_array    0x0000000008008d10        0x4 C:/ST/STM32CubeIDE_1.13.2/STM32CubeIDE/plugins/com.st.stm32cube.ide.mcu.externaltools.gnu-tools-for-stm32.11.3.rel1.win32_1.1.1.202309131626/tools/bin/../lib/gcc/arm-none-eabi/11.3.1/thumb/v7e-m+dp/hard/crtbegin.o
                [!provide]                        PROVIDE (__fini_array_end = .)
                0x0000000008008d14                _sidata = LOADADDR (.data)

.data           0x0000000024000000       0x24 load address 0x0000000008008d14
                0x0000000024000000                . = ALIGN (0x4)
                0x0000000024000000                _sdata = .
 *(.data)
 *(.data*)
 .data.cmd_end  0x0000000024000000        0x3 ./Core/Src/main.o
                0x0000000024000000                cmd_end
 *fill*         0x0000000024000003        0x1 
 .data.stream_end
                0x0000000024000004        0x5 ./Core/Src/main.o
                0x0000000024000004                stream_end
 *fill*         0x0000000024000009        0x3 
 .data.stream_start
                0x000000002400000c        0x6 ./Core/Src/main.o
                0x000000002400000c                stream_start
 *fill*         0x0000000024000012        0x2 
 .data.SystemCoreClock
                0x0000000024000014        0x4 ./Core/Src/system_stm32h7xx.o
                0x0000000024000014                SystemCoreClock
 .data.SystemD2Clock
                0x0000000024000018        0x4 ./Core/Src/system_stm32h7xx.o
                0x0000000024000018                SystemD2Clock
 .data.uwTickPrio
                0x000000002400001c        0x4 ./Drivers/STM32H7xx_HAL_Driver/Src/stm32h7xx_hal.o
                0x000000002400001c                uwTickPrio
 .data.uwTickFreq
                0x0000000024000020        0x1 ./Drivers/STM32H7xx_HAL_Driver/Src/stm32h7xx_hal.o
                0x0000000024000020                uwTickFreq
 *(.RamFunc)
 *(.RamFunc*)
                0x0000000024000024                . = ALIGN (0x4)
 *fill*         0x0000000024000021        0x3 
                0x0000000024000024                _edata = .

.igot.plt       0x0000000024000024        0x0 load address 0x0000000008008d38
 .igot.plt      0x0000000024000024        0x0 C:/ST/STM32CubeIDE_1.13.2/STM32CubeIDE/plugins/com.st.stm32cube.ide.mcu.externaltools.gnu-tools-for-stm32.11.3.rel1.win32_1.1.1.202309131626/tools/bin/../lib/gcc/arm-none-eabi/11.3.1/thumb/v7e-m+dp/hard/crtbegin.o

.RxDecripSection
                0x0000000024000024       0x60 load address 0x0000000008008d38
 .RxDecripSection
                0x0000000024000024       0x60 ./Core/Src/main.o
                0x0000000024000024                DMARxDscrTab

.TxDecripSection
                0x0000000024000084       0x60 load address 0x0000000008008d98
 .TxDecripSection
                0x0000000024000084       0x60 ./Core/Src/main.o
                0x0000000024000084                DMATxDscrTab
                0x00000000240000e4                . = ALIGN (0x4)

.bss            0x00000000240000e4      0x7cc load address 0x0000000008008df8
                0x00000000240000e4                _sbss = .
                0x00000000240000e4                __bss_start__ = _sbss
 *(.bss)
 .bss           0x00000000240000e4       0x1c C:/ST/STM32CubeIDE_1.13.2/STM32CubeIDE/plugins/com.st.stm32cube.ide.mcu.externaltools.gnu-tools-for-stm32.11.3.rel1.win32_1.1.1.202309131626/tools/bin/../lib/gcc/arm-none-eabi/11.3.1/thumb/v7e-m+dp/hard/crtbegin.o
 *(.bss*)
 .bss.TxConfig  0x0000000024000100       0x38 ./Core/Src/main.o
                0x0000000024000100                TxConfig
 .bss.heth      0x0000000024000138       0xb0 ./Core/Src/main.o
                0x0000000024000138                heth
 .bss.huart4    0x00000000240001e8       0x94 ./Core/Src/main.o
                0x00000000240001e8                huart4
 .bss.huart3    0x000000002400027c       0x94 ./Core/Src/main.o
                0x000000002400027c                huart3
 .bss.hpcd_USB_OTG_FS
                0x0000000024000310      0x50c ./Core/Src/main.o
                0x0000000024000310                hpcd_USB_OTG_FS
 .bss.rx_ind    0x000000002400081c        0x1 ./Core/Src/main.o
                0x000000002400081c                rx_ind
 *fill*         0x000000002400081d        0x3 
 .bss.rx_data   0x0000000024000820        0x2 ./Core/Src/main.o
                0x0000000024000820                rx_data
 .bss.rx_data_flag
                0x0000000024000822        0x1 ./Core/Src/main.o
                0x0000000024000822                rx_data_flag
 *fill*         0x0000000024000823        0x1 
 .bss.rx_buffer
                0x0000000024000824       0x64 ./Core/Src/main.o
                0x0000000024000824                rx_buffer
 .bss.data      0x0000000024000888       0x14 ./Core/Src/main.o
                0x0000000024000888                data
 .bss.start_ind
                0x000000002400089c        0x4 ./Core/Src/main.o
                0x000000002400089c                start_ind
 .bss.stop_ind  0x00000000240008a0        0x4 ./Core/Src/main.o
                0x00000000240008a0                stop_ind
 .bss.MACAddr.0
                0x00000000240008a4        0x6 ./Core/Src/main.o
 *fill*         0x00000000240008aa        0x2 
 .bss.uwTick    0x00000000240008ac        0x4 ./Drivers/STM32H7xx_HAL_Driver/Src/stm32h7xx_hal.o
                0x00000000240008ac                uwTick
 *(COMMON)
                0x00000000240008b0                . = ALIGN (0x4)
                0x00000000240008b0                _ebss = .
                0x00000000240008b0                __bss_end__ = _ebss

._user_heap_stack
                0x00000000240008b0      0x600 load address 0x0000000008008df8
                0x00000000240008b0                . = ALIGN (0x8)
                [!provide]                        PROVIDE (end = .)
                0x00000000240008b0                PROVIDE (_end = .)
                0x0000000024000ab0                . = (. + _Min_Heap_Size)
 *fill*         0x00000000240008b0      0x200 
                0x0000000024000eb0                . = (. + _Min_Stack_Size)
 *fill*         0x0000000024000ab0      0x400 
                0x0000000024000eb0                . = ALIGN (0x8)

/DISCARD/
 libc.a(*)
 libm.a(*)
 libgcc.a(*)

.ARM.attributes
                0x0000000000000000       0x2e
 *(.ARM.attributes)
 .ARM.attributes
                0x0000000000000000       0x1e C:/ST/STM32CubeIDE_1.13.2/STM32CubeIDE/plugins/com.st.stm32cube.ide.mcu.externaltools.gnu-tools-for-stm32.11.3.rel1.win32_1.1.1.202309131626/tools/bin/../lib/gcc/arm-none-eabi/11.3.1/thumb/v7e-m+dp/hard/crti.o
 .ARM.attributes
                0x000000000000001e       0x32 C:/ST/STM32CubeIDE_1.13.2/STM32CubeIDE/plugins/com.st.stm32cube.ide.mcu.externaltools.gnu-tools-for-stm32.11.3.rel1.win32_1.1.1.202309131626/tools/bin/../lib/gcc/arm-none-eabi/11.3.1/thumb/v7e-m+dp/hard/crtbegin.o
 .ARM.attributes
                0x0000000000000050       0x32 ./Core/Src/main.o
 .ARM.attributes
                0x0000000000000082       0x32 ./Core/Src/stm32h7xx_hal_msp.o
 .ARM.attributes
                0x00000000000000b4       0x32 ./Core/Src/stm32h7xx_it.o
 .ARM.attributes
                0x00000000000000e6       0x32 ./Core/Src/system_stm32h7xx.o
 .ARM.attributes
                0x0000000000000118       0x21 ./Core/Startup/startup_stm32h743zitx.o
 .ARM.attributes
                0x0000000000000139       0x32 ./Drivers/STM32H7xx_HAL_Driver/Src/stm32h7xx_hal.o
 .ARM.attributes
                0x000000000000016b       0x32 ./Drivers/STM32H7xx_HAL_Driver/Src/stm32h7xx_hal_cortex.o
 .ARM.attributes
                0x000000000000019d       0x32 ./Drivers/STM32H7xx_HAL_Driver/Src/stm32h7xx_hal_dma.o
 .ARM.attributes
                0x00000000000001cf       0x32 ./Drivers/STM32H7xx_HAL_Driver/Src/stm32h7xx_hal_eth.o
 .ARM.attributes
                0x0000000000000201       0x32 ./Drivers/STM32H7xx_HAL_Driver/Src/stm32h7xx_hal_gpio.o
 .ARM.attributes
                0x0000000000000233       0x32 ./Drivers/STM32H7xx_HAL_Driver/Src/stm32h7xx_hal_pcd.o
 .ARM.attributes
                0x0000000000000265       0x32 ./Drivers/STM32H7xx_HAL_Driver/Src/stm32h7xx_hal_pcd_ex.o
 .ARM.attributes
                0x0000000000000297       0x32 ./Drivers/STM32H7xx_HAL_Driver/Src/stm32h7xx_hal_pwr_ex.o
 .ARM.attributes
                0x00000000000002c9       0x32 ./Drivers/STM32H7xx_HAL_Driver/Src/stm32h7xx_hal_rcc.o
 .ARM.attributes
                0x00000000000002fb       0x32 ./Drivers/STM32H7xx_HAL_Driver/Src/stm32h7xx_hal_rcc_ex.o
 .ARM.attributes
                0x000000000000032d       0x32 ./Drivers/STM32H7xx_HAL_Driver/Src/stm32h7xx_hal_uart.o
 .ARM.attributes
                0x000000000000035f       0x32 ./Drivers/STM32H7xx_HAL_Driver/Src/stm32h7xx_hal_uart_ex.o
 .ARM.attributes
                0x0000000000000391       0x32 ./Drivers/STM32H7xx_HAL_Driver/Src/stm32h7xx_ll_usb.o
 .ARM.attributes
                0x00000000000003c3       0x32 C:/ST/STM32CubeIDE_1.13.2/STM32CubeIDE/plugins/com.st.stm32cube.ide.mcu.externaltools.gnu-tools-for-stm32.11.3.rel1.win32_1.1.1.202309131626/tools/bin/../lib/gcc/arm-none-eabi/11.3.1/../../../../arm-none-eabi/lib/thumb/v7e-m+dp/hard\libc_nano.a(libc_a-memset.o)
 .ARM.attributes
                0x00000000000003f5       0x32 C:/ST/STM32CubeIDE_1.13.2/STM32CubeIDE/plugins/com.st.stm32cube.ide.mcu.externaltools.gnu-tools-for-stm32.11.3.rel1.win32_1.1.1.202309131626/tools/bin/../lib/gcc/arm-none-eabi/11.3.1/../../../../arm-none-eabi/lib/thumb/v7e-m+dp/hard\libc_nano.a(libc_a-strstr.o)
 .ARM.attributes
                0x0000000000000427       0x32 C:/ST/STM32CubeIDE_1.13.2/STM32CubeIDE/plugins/com.st.stm32cube.ide.mcu.externaltools.gnu-tools-for-stm32.11.3.rel1.win32_1.1.1.202309131626/tools/bin/../lib/gcc/arm-none-eabi/11.3.1/../../../../arm-none-eabi/lib/thumb/v7e-m+dp/hard\libc_nano.a(libc_a-init.o)
 .ARM.attributes
                0x0000000000000459       0x17 C:/ST/STM32CubeIDE_1.13.2/STM32CubeIDE/plugins/com.st.stm32cube.ide.mcu.externaltools.gnu-tools-for-stm32.11.3.rel1.win32_1.1.1.202309131626/tools/bin/../lib/gcc/arm-none-eabi/11.3.1/../../../../arm-none-eabi/lib/thumb/v7e-m+dp/hard\libc_nano.a(libc_a-strlen.o)
 .ARM.attributes
                0x0000000000000470       0x1e C:/ST/STM32CubeIDE_1.13.2/STM32CubeIDE/plugins/com.st.stm32cube.ide.mcu.externaltools.gnu-tools-for-stm32.11.3.rel1.win32_1.1.1.202309131626/tools/bin/../lib/gcc/arm-none-eabi/11.3.1/thumb/v7e-m+dp/hard\libgcc.a(_aeabi_uldivmod.o)
 .ARM.attributes
                0x000000000000048e       0x32 C:/ST/STM32CubeIDE_1.13.2/STM32CubeIDE/plugins/com.st.stm32cube.ide.mcu.externaltools.gnu-tools-for-stm32.11.3.rel1.win32_1.1.1.202309131626/tools/bin/../lib/gcc/arm-none-eabi/11.3.1/thumb/v7e-m+dp/hard\libgcc.a(_udivmoddi4.o)
 .ARM.attributes
                0x00000000000004c0       0x1e C:/ST/STM32CubeIDE_1.13.2/STM32CubeIDE/plugins/com.st.stm32cube.ide.mcu.externaltools.gnu-tools-for-stm32.11.3.rel1.win32_1.1.1.202309131626/tools/bin/../lib/gcc/arm-none-eabi/11.3.1/thumb/v7e-m+dp/hard\libgcc.a(_dvmd_tls.o)
 .ARM.attributes
                0x00000000000004de       0x1e C:/ST/STM32CubeIDE_1.13.2/STM32CubeIDE/plugins/com.st.stm32cube.ide.mcu.externaltools.gnu-tools-for-stm32.11.3.rel1.win32_1.1.1.202309131626/tools/bin/../lib/gcc/arm-none-eabi/11.3.1/thumb/v7e-m+dp/hard/crtn.o
OUTPUT(UART_NEXTION_POC_NUCLEO-H743ZI2.elf elf32-littlearm)
LOAD linker stubs
LOAD C:/ST/STM32CubeIDE_1.13.2/STM32CubeIDE/plugins/com.st.stm32cube.ide.mcu.externaltools.gnu-tools-for-stm32.11.3.rel1.win32_1.1.1.202309131626/tools/bin/../lib/gcc/arm-none-eabi/11.3.1/../../../../arm-none-eabi/lib/thumb/v7e-m+dp/hard\libc.a
LOAD C:/ST/STM32CubeIDE_1.13.2/STM32CubeIDE/plugins/com.st.stm32cube.ide.mcu.externaltools.gnu-tools-for-stm32.11.3.rel1.win32_1.1.1.202309131626/tools/bin/../lib/gcc/arm-none-eabi/11.3.1/../../../../arm-none-eabi/lib/thumb/v7e-m+dp/hard\libm.a
LOAD C:/ST/STM32CubeIDE_1.13.2/STM32CubeIDE/plugins/com.st.stm32cube.ide.mcu.externaltools.gnu-tools-for-stm32.11.3.rel1.win32_1.1.1.202309131626/tools/bin/../lib/gcc/arm-none-eabi/11.3.1/thumb/v7e-m+dp/hard\libgcc.a

.comment        0x0000000000000000       0x43
 .comment       0x0000000000000000       0x43 C:/ST/STM32CubeIDE_1.13.2/STM32CubeIDE/plugins/com.st.stm32cube.ide.mcu.externaltools.gnu-tools-for-stm32.11.3.rel1.win32_1.1.1.202309131626/tools/bin/../lib/gcc/arm-none-eabi/11.3.1/thumb/v7e-m+dp/hard/crtbegin.o
                                         0x44 (size before relaxing)
 .comment       0x0000000000000043       0x44 ./Core/Src/main.o
 .comment       0x0000000000000043       0x44 ./Core/Src/stm32h7xx_hal_msp.o
 .comment       0x0000000000000043       0x44 ./Core/Src/stm32h7xx_it.o
 .comment       0x0000000000000043       0x44 ./Core/Src/system_stm32h7xx.o
 .comment       0x0000000000000043       0x44 ./Drivers/STM32H7xx_HAL_Driver/Src/stm32h7xx_hal.o
 .comment       0x0000000000000043       0x44 ./Drivers/STM32H7xx_HAL_Driver/Src/stm32h7xx_hal_cortex.o
 .comment       0x0000000000000043       0x44 ./Drivers/STM32H7xx_HAL_Driver/Src/stm32h7xx_hal_dma.o
 .comment       0x0000000000000043       0x44 ./Drivers/STM32H7xx_HAL_Driver/Src/stm32h7xx_hal_eth.o
 .comment       0x0000000000000043       0x44 ./Drivers/STM32H7xx_HAL_Driver/Src/stm32h7xx_hal_gpio.o
 .comment       0x0000000000000043       0x44 ./Drivers/STM32H7xx_HAL_Driver/Src/stm32h7xx_hal_pcd.o
 .comment       0x0000000000000043       0x44 ./Drivers/STM32H7xx_HAL_Driver/Src/stm32h7xx_hal_pcd_ex.o
 .comment       0x0000000000000043       0x44 ./Drivers/STM32H7xx_HAL_Driver/Src/stm32h7xx_hal_pwr_ex.o
 .comment       0x0000000000000043       0x44 ./Drivers/STM32H7xx_HAL_Driver/Src/stm32h7xx_hal_rcc.o
 .comment       0x0000000000000043       0x44 ./Drivers/STM32H7xx_HAL_Driver/Src/stm32h7xx_hal_rcc_ex.o
 .comment       0x0000000000000043       0x44 ./Drivers/STM32H7xx_HAL_Driver/Src/stm32h7xx_hal_uart.o
 .comment       0x0000000000000043       0x44 ./Drivers/STM32H7xx_HAL_Driver/Src/stm32h7xx_hal_uart_ex.o
 .comment       0x0000000000000043       0x44 ./Drivers/STM32H7xx_HAL_Driver/Src/stm32h7xx_ll_usb.o

.debug_info     0x0000000000000000    0x197aa
 .debug_info    0x0000000000000000     0x2b32 ./Core/Src/main.o
 .debug_info    0x0000000000002b32     0x294b ./Core/Src/stm32h7xx_hal_msp.o
 .debug_info    0x000000000000547d      0xbe6 ./Core/Src/stm32h7xx_it.o
 .debug_info    0x0000000000006063      0xcef ./Core/Src/system_stm32h7xx.o
 .debug_info    0x0000000000006d52       0x23 ./Core/Startup/startup_stm32h743zitx.o
 .debug_info    0x0000000000006d75     0x153b ./Drivers/STM32H7xx_HAL_Driver/Src/stm32h7xx_hal.o
 .debug_info    0x00000000000082b0     0x1060 ./Drivers/STM32H7xx_HAL_Driver/Src/stm32h7xx_hal_cortex.o
 .debug_info    0x0000000000009310      0xc27 ./Drivers/STM32H7xx_HAL_Driver/Src/stm32h7xx_hal_dma.o
 .debug_info    0x0000000000009f37     0x2943 ./Drivers/STM32H7xx_HAL_Driver/Src/stm32h7xx_hal_eth.o
 .debug_info    0x000000000000c87a      0xc4b ./Drivers/STM32H7xx_HAL_Driver/Src/stm32h7xx_hal_gpio.o
 .debug_info    0x000000000000d4c5     0x1548 ./Drivers/STM32H7xx_HAL_Driver/Src/stm32h7xx_hal_pcd.o
 .debug_info    0x000000000000ea0d      0x8b3 ./Drivers/STM32H7xx_HAL_Driver/Src/stm32h7xx_hal_pcd_ex.o
 .debug_info    0x000000000000f2c0     0x1008 ./Drivers/STM32H7xx_HAL_Driver/Src/stm32h7xx_hal_pwr_ex.o
 .debug_info    0x00000000000102c8      0xe5b ./Drivers/STM32H7xx_HAL_Driver/Src/stm32h7xx_hal_rcc.o
 .debug_info    0x0000000000011123     0x1216 ./Drivers/STM32H7xx_HAL_Driver/Src/stm32h7xx_hal_rcc_ex.o
 .debug_info    0x0000000000012339     0x4b13 ./Drivers/STM32H7xx_HAL_Driver/Src/stm32h7xx_hal_uart.o
 .debug_info    0x0000000000016e4c      0xfb5 ./Drivers/STM32H7xx_HAL_Driver/Src/stm32h7xx_hal_uart_ex.o
 .debug_info    0x0000000000017e01     0x19a9 ./Drivers/STM32H7xx_HAL_Driver/Src/stm32h7xx_ll_usb.o

.debug_abbrev   0x0000000000000000     0x2bd1
 .debug_abbrev  0x0000000000000000      0x33e ./Core/Src/main.o
 .debug_abbrev  0x000000000000033e      0x296 ./Core/Src/stm32h7xx_hal_msp.o
 .debug_abbrev  0x00000000000005d4      0x1e3 ./Core/Src/stm32h7xx_it.o
 .debug_abbrev  0x00000000000007b7      0x14c ./Core/Src/system_stm32h7xx.o
 .debug_abbrev  0x0000000000000903       0x12 ./Core/Startup/startup_stm32h743zitx.o
 .debug_abbrev  0x0000000000000915      0x295 ./Drivers/STM32H7xx_HAL_Driver/Src/stm32h7xx_hal.o
 .debug_abbrev  0x0000000000000baa      0x339 ./Drivers/STM32H7xx_HAL_Driver/Src/stm32h7xx_hal_cortex.o
 .debug_abbrev  0x0000000000000ee3      0x248 ./Drivers/STM32H7xx_HAL_Driver/Src/stm32h7xx_hal_dma.o
 .debug_abbrev  0x000000000000112b      0x2d9 ./Drivers/STM32H7xx_HAL_Driver/Src/stm32h7xx_hal_eth.o
 .debug_abbrev  0x0000000000001404      0x1fe ./Drivers/STM32H7xx_HAL_Driver/Src/stm32h7xx_hal_gpio.o
 .debug_abbrev  0x0000000000001602      0x2e6 ./Drivers/STM32H7xx_HAL_Driver/Src/stm32h7xx_hal_pcd.o
 .debug_abbrev  0x00000000000018e8      0x256 ./Drivers/STM32H7xx_HAL_Driver/Src/stm32h7xx_hal_pcd_ex.o
 .debug_abbrev  0x0000000000001b3e      0x2a7 ./Drivers/STM32H7xx_HAL_Driver/Src/stm32h7xx_hal_pwr_ex.o
 .debug_abbrev  0x0000000000001de5      0x2c8 ./Drivers/STM32H7xx_HAL_Driver/Src/stm32h7xx_hal_rcc.o
 .debug_abbrev  0x00000000000020ad      0x269 ./Drivers/STM32H7xx_HAL_Driver/Src/stm32h7xx_hal_rcc_ex.o
 .debug_abbrev  0x0000000000002316      0x33d ./Drivers/STM32H7xx_HAL_Driver/Src/stm32h7xx_hal_uart.o
 .debug_abbrev  0x0000000000002653      0x2d2 ./Drivers/STM32H7xx_HAL_Driver/Src/stm32h7xx_hal_uart_ex.o
 .debug_abbrev  0x0000000000002925      0x2ac ./Drivers/STM32H7xx_HAL_Driver/Src/stm32h7xx_ll_usb.o

.debug_aranges  0x0000000000000000     0x1000
 .debug_aranges
                0x0000000000000000       0x60 ./Core/Src/main.o
 .debug_aranges
                0x0000000000000060       0x50 ./Core/Src/stm32h7xx_hal_msp.o
 .debug_aranges
                0x00000000000000b0       0x70 ./Core/Src/stm32h7xx_it.o
 .debug_aranges
                0x0000000000000120       0x28 ./Core/Src/system_stm32h7xx.o
 .debug_aranges
                0x0000000000000148       0x28 ./Core/Startup/startup_stm32h743zitx.o
 .debug_aranges
                0x0000000000000170      0x198 ./Drivers/STM32H7xx_HAL_Driver/Src/stm32h7xx_hal.o
 .debug_aranges
                0x0000000000000308      0x120 ./Drivers/STM32H7xx_HAL_Driver/Src/stm32h7xx_hal_cortex.o
 .debug_aranges
                0x0000000000000428       0xa0 ./Drivers/STM32H7xx_HAL_Driver/Src/stm32h7xx_hal_dma.o
 .debug_aranges
                0x00000000000004c8      0x1d8 ./Drivers/STM32H7xx_HAL_Driver/Src/stm32h7xx_hal_eth.o
 .debug_aranges
                0x00000000000006a0       0x58 ./Drivers/STM32H7xx_HAL_Driver/Src/stm32h7xx_hal_gpio.o
 .debug_aranges
                0x00000000000006f8      0x140 ./Drivers/STM32H7xx_HAL_Driver/Src/stm32h7xx_hal_pcd.o
 .debug_aranges
                0x0000000000000838       0x60 ./Drivers/STM32H7xx_HAL_Driver/Src/stm32h7xx_hal_pcd_ex.o
 .debug_aranges
                0x0000000000000898      0x158 ./Drivers/STM32H7xx_HAL_Driver/Src/stm32h7xx_hal_pwr_ex.o
 .debug_aranges
                0x00000000000009f0       0x88 ./Drivers/STM32H7xx_HAL_Driver/Src/stm32h7xx_hal_rcc.o
 .debug_aranges
                0x0000000000000a78       0xf8 ./Drivers/STM32H7xx_HAL_Driver/Src/stm32h7xx_hal_rcc_ex.o
 .debug_aranges
                0x0000000000000b70      0x248 ./Drivers/STM32H7xx_HAL_Driver/Src/stm32h7xx_hal_uart.o
 .debug_aranges
                0x0000000000000db8       0xa8 ./Drivers/STM32H7xx_HAL_Driver/Src/stm32h7xx_hal_uart_ex.o
 .debug_aranges
                0x0000000000000e60      0x1a0 ./Drivers/STM32H7xx_HAL_Driver/Src/stm32h7xx_ll_usb.o

.debug_rnglists
                0x0000000000000000      0xc68
 .debug_rnglists
                0x0000000000000000       0x4a ./Core/Src/main.o
 .debug_rnglists
                0x000000000000004a       0x3c ./Core/Src/stm32h7xx_hal_msp.o
 .debug_rnglists
                0x0000000000000086       0x4f ./Core/Src/stm32h7xx_it.o
 .debug_rnglists
                0x00000000000000d5       0x1b ./Core/Src/system_stm32h7xx.o
 .debug_rnglists
                0x00000000000000f0       0x19 ./Core/Startup/startup_stm32h743zitx.o
 .debug_rnglists
                0x0000000000000109      0x131 ./Drivers/STM32H7xx_HAL_Driver/Src/stm32h7xx_hal.o
 .debug_rnglists
                0x000000000000023a       0xd4 ./Drivers/STM32H7xx_HAL_Driver/Src/stm32h7xx_hal_cortex.o
 .debug_rnglists
                0x000000000000030e       0x82 ./Drivers/STM32H7xx_HAL_Driver/Src/stm32h7xx_hal_dma.o
 .debug_rnglists
                0x0000000000000390      0x176 ./Drivers/STM32H7xx_HAL_Driver/Src/stm32h7xx_hal_eth.o
 .debug_rnglists
                0x0000000000000506       0x3f ./Drivers/STM32H7xx_HAL_Driver/Src/stm32h7xx_hal_gpio.o
 .debug_rnglists
                0x0000000000000545       0xf4 ./Drivers/STM32H7xx_HAL_Driver/Src/stm32h7xx_hal_pcd.o
 .debug_rnglists
                0x0000000000000639       0x45 ./Drivers/STM32H7xx_HAL_Driver/Src/stm32h7xx_hal_pcd_ex.o
 .debug_rnglists
                0x000000000000067e      0x102 ./Drivers/STM32H7xx_HAL_Driver/Src/stm32h7xx_hal_pwr_ex.o
 .debug_rnglists
                0x0000000000000780       0x68 ./Drivers/STM32H7xx_HAL_Driver/Src/stm32h7xx_hal_rcc.o
 .debug_rnglists
                0x00000000000007e8       0xc0 ./Drivers/STM32H7xx_HAL_Driver/Src/stm32h7xx_hal_rcc_ex.o
 .debug_rnglists
                0x00000000000008a8      0x1fa ./Drivers/STM32H7xx_HAL_Driver/Src/stm32h7xx_hal_uart.o
 .debug_rnglists
                0x0000000000000aa2       0x7f ./Drivers/STM32H7xx_HAL_Driver/Src/stm32h7xx_hal_uart_ex.o
 .debug_rnglists
                0x0000000000000b21      0x147 ./Drivers/STM32H7xx_HAL_Driver/Src/stm32h7xx_ll_usb.o

.debug_macro    0x0000000000000000    0x374b3
 .debug_macro   0x0000000000000000      0x310 ./Core/Src/main.o
 .debug_macro   0x0000000000000310      0xac0 ./Core/Src/main.o
 .debug_macro   0x0000000000000dd0      0x23e ./Core/Src/main.o
 .debug_macro   0x000000000000100e       0x2e ./Core/Src/main.o
 .debug_macro   0x000000000000103c       0x3b ./Core/Src/main.o
 .debug_macro   0x0000000000001077       0x22 ./Core/Src/main.o
 .debug_macro   0x0000000000001099       0x8e ./Core/Src/main.o
 .debug_macro   0x0000000000001127       0x51 ./Core/Src/main.o
 .debug_macro   0x0000000000001178      0x103 ./Core/Src/main.o
 .debug_macro   0x000000000000127b       0x6a ./Core/Src/main.o
 .debug_macro   0x00000000000012e5      0x1df ./Core/Src/main.o
 .debug_macro   0x00000000000014c4       0x1c ./Core/Src/main.o
 .debug_macro   0x00000000000014e0       0x22 ./Core/Src/main.o
 .debug_macro   0x0000000000001502       0xfb ./Core/Src/main.o
 .debug_macro   0x00000000000015fd     0x1305 ./Core/Src/main.o
 .debug_macro   0x0000000000002902      0x11f ./Core/Src/main.o
 .debug_macro   0x0000000000002a21       0x27 ./Core/Src/main.o
 .debug_macro   0x0000000000002a48    0x25882 ./Core/Src/main.o
 .debug_macro   0x00000000000282ca       0x6d ./Core/Src/main.o
 .debug_macro   0x0000000000028337     0x3d5d ./Core/Src/main.o
 .debug_macro   0x000000000002c094      0x174 ./Core/Src/main.o
 .debug_macro   0x000000000002c208       0x61 ./Core/Src/main.o
 .debug_macro   0x000000000002c269       0x29 ./Core/Src/main.o
 .debug_macro   0x000000000002c292       0x43 ./Core/Src/main.o
 .debug_macro   0x000000000002c2d5       0x34 ./Core/Src/main.o
 .debug_macro   0x000000000002c309       0x16 ./Core/Src/main.o
 .debug_macro   0x000000000002c31f       0x43 ./Core/Src/main.o
 .debug_macro   0x000000000002c362       0x34 ./Core/Src/main.o
 .debug_macro   0x000000000002c396       0x10 ./Core/Src/main.o
 .debug_macro   0x000000000002c3a6       0x58 ./Core/Src/main.o
 .debug_macro   0x000000000002c3fe       0x8e ./Core/Src/main.o
 .debug_macro   0x000000000002c48c       0x1c ./Core/Src/main.o
 .debug_macro   0x000000000002c4a8      0x177 ./Core/Src/main.o
 .debug_macro   0x000000000002c61f      0x369 ./Core/Src/main.o
 .debug_macro   0x000000000002c988      0x19b ./Core/Src/main.o
 .debug_macro   0x000000000002cb23       0x5d ./Core/Src/main.o
 .debug_macro   0x000000000002cb80     0x2382 ./Core/Src/main.o
 .debug_macro   0x000000000002ef02     0x102c ./Core/Src/main.o
 .debug_macro   0x000000000002ff2e      0x154 ./Core/Src/main.o
 .debug_macro   0x0000000000030082      0x114 ./Core/Src/main.o
 .debug_macro   0x0000000000030196      0x3b2 ./Core/Src/main.o
 .debug_macro   0x0000000000030548       0xac ./Core/Src/main.o
 .debug_macro   0x00000000000305f4      0x72d ./Core/Src/main.o
 .debug_macro   0x0000000000030d21      0x228 ./Core/Src/main.o
 .debug_macro   0x0000000000030f49       0x66 ./Core/Src/main.o
 .debug_macro   0x0000000000030faf      0x3bb ./Core/Src/main.o
 .debug_macro   0x000000000003136a      0xa80 ./Core/Src/main.o
 .debug_macro   0x0000000000031dea      0x129 ./Core/Src/main.o
 .debug_macro   0x0000000000031f13      0x3e4 ./Core/Src/main.o
 .debug_macro   0x00000000000322f7      0x275 ./Core/Src/main.o
 .debug_macro   0x000000000003256c      0x3ca ./Core/Src/main.o
 .debug_macro   0x0000000000032936      0x408 ./Core/Src/main.o
 .debug_macro   0x0000000000032d3e       0x51 ./Core/Src/main.o
 .debug_macro   0x0000000000032d8f       0x4a ./Core/Src/main.o
 .debug_macro   0x0000000000032dd9      0x22c ./Core/Src/main.o
 .debug_macro   0x0000000000033005       0x67 ./Core/Src/main.o
 .debug_macro   0x000000000003306c       0xa5 ./Core/Src/main.o
 .debug_macro   0x0000000000033111      0x1c4 ./Core/Src/main.o
 .debug_macro   0x00000000000332d5      0x25e ./Core/Src/main.o
 .debug_macro   0x0000000000033533       0x35 ./Core/Src/main.o
 .debug_macro   0x0000000000033568      0x693 ./Core/Src/main.o
 .debug_macro   0x0000000000033bfb       0xa6 ./Core/Src/main.o
 .debug_macro   0x0000000000033ca1      0x264 ./Core/Src/main.o
 .debug_macro   0x0000000000033f05       0x90 ./Core/Src/main.o
 .debug_macro   0x0000000000033f95      0x5a0 ./Core/Src/main.o
 .debug_macro   0x0000000000034535       0x64 ./Core/Src/main.o
 .debug_macro   0x0000000000034599       0x16 ./Core/Src/main.o
 .debug_macro   0x00000000000345af       0x35 ./Core/Src/main.o
 .debug_macro   0x00000000000345e4       0x20 ./Core/Src/main.o
 .debug_macro   0x0000000000034604      0x2da ./Core/Src/stm32h7xx_hal_msp.o
 .debug_macro   0x00000000000348de      0x2e4 ./Core/Src/stm32h7xx_it.o
 .debug_macro   0x0000000000034bc2      0x2cb ./Core/Src/system_stm32h7xx.o
 .debug_macro   0x0000000000034e8d      0x2f5 ./Drivers/STM32H7xx_HAL_Driver/Src/stm32h7xx_hal.o
 .debug_macro   0x0000000000035182      0x2cb ./Drivers/STM32H7xx_HAL_Driver/Src/stm32h7xx_hal_cortex.o
 .debug_macro   0x000000000003544d      0x31f ./Drivers/STM32H7xx_HAL_Driver/Src/stm32h7xx_hal_dma.o
 .debug_macro   0x000000000003576c      0x35f ./Drivers/STM32H7xx_HAL_Driver/Src/stm32h7xx_hal_eth.o
 .debug_macro   0x0000000000035acb      0x2d2 ./Drivers/STM32H7xx_HAL_Driver/Src/stm32h7xx_hal_gpio.o
 .debug_macro   0x0000000000035d9d      0x2d7 ./Drivers/STM32H7xx_HAL_Driver/Src/stm32h7xx_hal_pcd.o
 .debug_macro   0x0000000000036074      0x2cb ./Drivers/STM32H7xx_HAL_Driver/Src/stm32h7xx_hal_pcd_ex.o
 .debug_macro   0x000000000003633f      0x304 ./Drivers/STM32H7xx_HAL_Driver/Src/stm32h7xx_hal_pwr_ex.o
 .debug_macro   0x0000000000036643      0x2ef ./Drivers/STM32H7xx_HAL_Driver/Src/stm32h7xx_hal_rcc.o
 .debug_macro   0x0000000000036932      0x2e9 ./Drivers/STM32H7xx_HAL_Driver/Src/stm32h7xx_hal_rcc_ex.o
 .debug_macro   0x0000000000036c1b      0x2f6 ./Drivers/STM32H7xx_HAL_Driver/Src/stm32h7xx_hal_uart.o
 .debug_macro   0x0000000000036f11      0x2d7 ./Drivers/STM32H7xx_HAL_Driver/Src/stm32h7xx_hal_uart_ex.o
 .debug_macro   0x00000000000371e8      0x2cb ./Drivers/STM32H7xx_HAL_Driver/Src/stm32h7xx_ll_usb.o

.debug_line     0x0000000000000000    0x16b3f
 .debug_line    0x0000000000000000      0xcaa ./Core/Src/main.o
 .debug_line    0x0000000000000caa      0xacd ./Core/Src/stm32h7xx_hal_msp.o
 .debug_line    0x0000000000001777      0xa54 ./Core/Src/stm32h7xx_it.o
 .debug_line    0x00000000000021cb      0xad3 ./Core/Src/system_stm32h7xx.o
 .debug_line    0x0000000000002c9e       0x7a ./Core/Startup/startup_stm32h743zitx.o
 .debug_line    0x0000000000002d18      0xecc ./Drivers/STM32H7xx_HAL_Driver/Src/stm32h7xx_hal.o
 .debug_line    0x0000000000003be4      0xed5 ./Drivers/STM32H7xx_HAL_Driver/Src/stm32h7xx_hal_cortex.o
 .debug_line    0x0000000000004ab9     0x281d ./Drivers/STM32H7xx_HAL_Driver/Src/stm32h7xx_hal_dma.o
 .debug_line    0x00000000000072d6     0x1c13 ./Drivers/STM32H7xx_HAL_Driver/Src/stm32h7xx_hal_eth.o
 .debug_line    0x0000000000008ee9      0xd92 ./Drivers/STM32H7xx_HAL_Driver/Src/stm32h7xx_hal_gpio.o
 .debug_line    0x0000000000009c7b     0x16ab ./Drivers/STM32H7xx_HAL_Driver/Src/stm32h7xx_hal_pcd.o
 .debug_line    0x000000000000b326      0xaf1 ./Drivers/STM32H7xx_HAL_Driver/Src/stm32h7xx_hal_pcd_ex.o
 .debug_line    0x000000000000be17      0xfe9 ./Drivers/STM32H7xx_HAL_Driver/Src/stm32h7xx_hal_pwr_ex.o
 .debug_line    0x000000000000ce00     0x149f ./Drivers/STM32H7xx_HAL_Driver/Src/stm32h7xx_hal_rcc.o
 .debug_line    0x000000000000e29f     0x1d97 ./Drivers/STM32H7xx_HAL_Driver/Src/stm32h7xx_hal_rcc_ex.o
 .debug_line    0x0000000000010036     0x3f24 ./Drivers/STM32H7xx_HAL_Driver/Src/stm32h7xx_hal_uart.o
 .debug_line    0x0000000000013f5a      0xf6d ./Drivers/STM32H7xx_HAL_Driver/Src/stm32h7xx_hal_uart_ex.o
 .debug_line    0x0000000000014ec7     0x1c78 ./Drivers/STM32H7xx_HAL_Driver/Src/stm32h7xx_ll_usb.o

.debug_str      0x0000000000000000   0x15e337
 .debug_str     0x0000000000000000   0x158623 ./Core/Src/main.o
                                     0x158b9e (size before relaxing)
 .debug_str     0x0000000000158623      0xbe4 ./Core/Src/stm32h7xx_hal_msp.o
                                     0x1591ed (size before relaxing)
 .debug_str     0x0000000000159207      0x1ed ./Core/Src/stm32h7xx_it.o
                                     0x157831 (size before relaxing)
 .debug_str     0x00000000001593f4      0x237 ./Core/Src/system_stm32h7xx.o
                                     0x157438 (size before relaxing)
 .debug_str     0x000000000015962b       0x34 ./Core/Startup/startup_stm32h743zitx.o
                                         0x90 (size before relaxing)
 .debug_str     0x000000000015965f      0x7ef ./Drivers/STM32H7xx_HAL_Driver/Src/stm32h7xx_hal.o
                                     0x15834e (size before relaxing)
 .debug_str     0x0000000000159e4e      0x326 ./Drivers/STM32H7xx_HAL_Driver/Src/stm32h7xx_hal_cortex.o
                                     0x157d51 (size before relaxing)
 .debug_str     0x000000000015a174      0x890 ./Drivers/STM32H7xx_HAL_Driver/Src/stm32h7xx_hal_dma.o
                                     0x157b72 (size before relaxing)
 .debug_str     0x000000000015aa04      0xfe5 ./Drivers/STM32H7xx_HAL_Driver/Src/stm32h7xx_hal_eth.o
                                     0x158c73 (size before relaxing)
 .debug_str     0x000000000015b9e9       0xec ./Drivers/STM32H7xx_HAL_Driver/Src/stm32h7xx_hal_gpio.o
                                     0x1573ef (size before relaxing)
 .debug_str     0x000000000015bad5      0x805 ./Drivers/STM32H7xx_HAL_Driver/Src/stm32h7xx_hal_pcd.o
                                     0x157ba3 (size before relaxing)
 .debug_str     0x000000000015c2da      0x174 ./Drivers/STM32H7xx_HAL_Driver/Src/stm32h7xx_hal_pcd_ex.o
                                     0x157541 (size before relaxing)
 .debug_str     0x000000000015c44e      0x61f ./Drivers/STM32H7xx_HAL_Driver/Src/stm32h7xx_hal_pwr_ex.o
                                     0x1578b0 (size before relaxing)
 .debug_str     0x000000000015ca6d      0x21a ./Drivers/STM32H7xx_HAL_Driver/Src/stm32h7xx_hal_rcc.o
                                     0x1577d3 (size before relaxing)
 .debug_str     0x000000000015cc87      0x64b ./Drivers/STM32H7xx_HAL_Driver/Src/stm32h7xx_hal_rcc_ex.o
                                     0x157cb4 (size before relaxing)
 .debug_str     0x000000000015d2d2      0x9a3 ./Drivers/STM32H7xx_HAL_Driver/Src/stm32h7xx_hal_uart.o
                                     0x158314 (size before relaxing)
 .debug_str     0x000000000015dc75      0x261 ./Drivers/STM32H7xx_HAL_Driver/Src/stm32h7xx_hal_uart_ex.o
                                     0x1578d4 (size before relaxing)
 .debug_str     0x000000000015ded6      0x461 ./Drivers/STM32H7xx_HAL_Driver/Src/stm32h7xx_ll_usb.o
                                     0x157a4c (size before relaxing)

.debug_frame    0x0000000000000000     0x4434
 .debug_frame   0x0000000000000000      0x128 ./Core/Src/main.o
 .debug_frame   0x0000000000000128      0x118 ./Core/Src/stm32h7xx_hal_msp.o
 .debug_frame   0x0000000000000240      0x13c ./Core/Src/stm32h7xx_it.o
 .debug_frame   0x000000000000037c       0x58 ./Core/Src/system_stm32h7xx.o
 .debug_frame   0x00000000000003d4      0x690 ./Drivers/STM32H7xx_HAL_Driver/Src/stm32h7xx_hal.o
 .debug_frame   0x0000000000000a64      0x4b8 ./Drivers/STM32H7xx_HAL_Driver/Src/stm32h7xx_hal_cortex.o
 .debug_frame   0x0000000000000f1c      0x2b4 ./Drivers/STM32H7xx_HAL_Driver/Src/stm32h7xx_hal_dma.o
 .debug_frame   0x00000000000011d0      0x898 ./Drivers/STM32H7xx_HAL_Driver/Src/stm32h7xx_hal_eth.o
 .debug_frame   0x0000000000001a68      0x14c ./Drivers/STM32H7xx_HAL_Driver/Src/stm32h7xx_hal_gpio.o
 .debug_frame   0x0000000000001bb4      0x594 ./Drivers/STM32H7xx_HAL_Driver/Src/stm32h7xx_hal_pcd.o
 .debug_frame   0x0000000000002148      0x174 ./Drivers/STM32H7xx_HAL_Driver/Src/stm32h7xx_hal_pcd_ex.o
 .debug_frame   0x00000000000022bc      0x580 ./Drivers/STM32H7xx_HAL_Driver/Src/stm32h7xx_hal_pwr_ex.o
 .debug_frame   0x000000000000283c      0x1f8 ./Drivers/STM32H7xx_HAL_Driver/Src/stm32h7xx_hal_rcc.o
 .debug_frame   0x0000000000002a34      0x414 ./Drivers/STM32H7xx_HAL_Driver/Src/stm32h7xx_hal_rcc_ex.o
 .debug_frame   0x0000000000002e48      0xa94 ./Drivers/STM32H7xx_HAL_Driver/Src/stm32h7xx_hal_uart.o
 .debug_frame   0x00000000000038dc      0x2c0 ./Drivers/STM32H7xx_HAL_Driver/Src/stm32h7xx_hal_uart_ex.o
 .debug_frame   0x0000000000003b9c      0x7c0 ./Drivers/STM32H7xx_HAL_Driver/Src/stm32h7xx_ll_usb.o
 .debug_frame   0x000000000000435c       0x20 C:/ST/STM32CubeIDE_1.13.2/STM32CubeIDE/plugins/com.st.stm32cube.ide.mcu.externaltools.gnu-tools-for-stm32.11.3.rel1.win32_1.1.1.202309131626/tools/bin/../lib/gcc/arm-none-eabi/11.3.1/../../../../arm-none-eabi/lib/thumb/v7e-m+dp/hard\libc_nano.a(libc_a-memset.o)
 .debug_frame   0x000000000000437c       0x2c C:/ST/STM32CubeIDE_1.13.2/STM32CubeIDE/plugins/com.st.stm32cube.ide.mcu.externaltools.gnu-tools-for-stm32.11.3.rel1.win32_1.1.1.202309131626/tools/bin/../lib/gcc/arm-none-eabi/11.3.1/../../../../arm-none-eabi/lib/thumb/v7e-m+dp/hard\libc_nano.a(libc_a-strstr.o)
 .debug_frame   0x00000000000043a8       0x2c C:/ST/STM32CubeIDE_1.13.2/STM32CubeIDE/plugins/com.st.stm32cube.ide.mcu.externaltools.gnu-tools-for-stm32.11.3.rel1.win32_1.1.1.202309131626/tools/bin/../lib/gcc/arm-none-eabi/11.3.1/../../../../arm-none-eabi/lib/thumb/v7e-m+dp/hard\libc_nano.a(libc_a-init.o)
 .debug_frame   0x00000000000043d4       0x2c C:/ST/STM32CubeIDE_1.13.2/STM32CubeIDE/plugins/com.st.stm32cube.ide.mcu.externaltools.gnu-tools-for-stm32.11.3.rel1.win32_1.1.1.202309131626/tools/bin/../lib/gcc/arm-none-eabi/11.3.1/thumb/v7e-m+dp/hard\libgcc.a(_aeabi_uldivmod.o)
 .debug_frame   0x0000000000004400       0x34 C:/ST/STM32CubeIDE_1.13.2/STM32CubeIDE/plugins/com.st.stm32cube.ide.mcu.externaltools.gnu-tools-for-stm32.11.3.rel1.win32_1.1.1.202309131626/tools/bin/../lib/gcc/arm-none-eabi/11.3.1/thumb/v7e-m+dp/hard\libgcc.a(_udivmoddi4.o)

.debug_line_str
                0x0000000000000000       0x84
 .debug_line_str
                0x0000000000000000       0x84 ./Core/Startup/startup_stm32h743zitx.o
                                         0x9c (size before relaxing)
